******************************************************************************
                  TI ARM Linker PC v15.12.3                    
******************************************************************************
>> Linked Sat Jan 14 00:07:59 2017

OUTPUT FILE NAME:   <tcp_socket.out>
ENTRY POINT SYMBOL: "_c_int00"  address: 2000bacd


MEMORY CONFIGURATION

         name            origin    length      used     unused   attr    fill
----------------------  --------  ---------  --------  --------  ----  --------
  SRAM_CODE             20004000   00013000  00008c67  0000a399  RW X
  SRAM_DATA             20017000   00019000  0000179b  00017865  RW X


SEGMENT ALLOCATION MAP

run origin  load origin   length   init length attrs members
----------  ----------- ---------- ----------- ----- -------
20004000    20004000    00008c6c   00008c6c    r-x
  20004000    20004000    00000400   00000400    r-- .intvecs
  20004400    20004400    00008146   00008146    r-x .text
  2000c548    2000c548    000006c5   000006c5    r-- .const
  2000cc10    2000cc10    0000005c   0000005c    r-- .cinit
20017000    20017000    00000f9c   00000000    rw-
  20017000    20017000    00000800   00000000    rw- .sysmem
  20017800    20017800    0000073b   00000000    rw- .bss
  20017f3c    20017f3c    00000060   00000000    rw- .data
2002f800    2002f800    00000800   00000000    rw-
  2002f800    2002f800    00000800   00000000    rw- .stack


SECTION ALLOCATION MAP

 output                                  attributes/
section   page    origin      length       input sections
--------  ----  ----------  ----------   ----------------
.intvecs   0    20004000    00000400     
                  20004000    00000400     startup_ccs.obj (.intvecs)

.init_array 
*          0    20004000    00000000     UNINITIALIZED

.text      0    20004400    00008146     
                  20004400    00001580     main.obj (.text)
                  20005980    000010fc     rtsv7M4_T_le_eabi.lib : _printfi.obj (.text)
                  20006a7c    000005ec     simplelink.a : driver.obj (.text:_SlDrvMsgRead)
                  20007068    000003dc     rtsv7M4_T_le_eabi.lib : memory.obj (.text)
                  20007444    00000280     uart_if.obj (.text)
                  200076c4    00000248     simplelink.a : driver.obj (.text:_SlDrvRxHdrRead)
                  2000790c    00000244                  : wlan.obj (.text:sl_WlanConnect)
                  20007b50    000001f4     rtsv7M4_T_le_eabi.lib : ull_div_t2.obj (.text)
                  20007d44    000001d0     simplelink.a : driver.obj (.text:_SlDrvReleasePoolObj)
                  20007f14    000001cc                  : driver.obj (.text:_SlDrvMsgWrite)
                  200080e0    000001cc     udma_if.obj (.text)
                  200082ac    000001b6     rtsv7M4_T_le_eabi.lib : fd_add_t2.obj (.text)
                  20008462    00000002     driverlib.a : interrupt.obj (.text:IntDefaultHandler)
                  20008464    00000190     simplelink.a : driver.obj (.text:_SlDrvWaitForPoolObj)
                  200085f4    00000188                  : driver.obj (.text:_SlDrvDriverCBInit)
                  2000877c    00000170                  : driver.obj (.text:_SlFindAndSetActiveObj)
                  200088ec    00000144                  : cc_pal.obj (.text:spi_Open)
                  20008a30    00000138                  : socket.obj (.text:sl_Accept)
                  20008b68    00000136     rtsv7M4_T_le_eabi.lib : fd_div_t2.obj (.text)
                  20008c9e    00000002                           : mpu_init.obj (.text)
                  20008ca0    00000134     driverlib.a : prcm.obj (.text:PRCMCC3200MCUInit)
                  20008dd4    0000012c     simplelink.a : driver.obj (.text:_SlDrvDataReadOp)
                  20008f00    00000114     rtsv7M4_T_le_eabi.lib : strtoul.obj (.text)
                  20009014    00000108     simplelink.a : driver.obj (.text:_SlDrvDataWriteOp)
                  2000911c    00000108                  : socket.obj (.text:sl_Connect)
                  20009224    00000108                  : socket.obj (.text:sl_Send)
                  2000932c    00000100                  : driver.obj (.text:_SlDrvDriverCBDeinit)
                  2000942c    000000fe                  : netapp.obj (.text:_SlDrvNetAppEventHandler)
                  2000952a    000000fc     rtsv7M4_T_le_eabi.lib : fd_mul_t2.obj (.text)
                  20009626    00000002                           : startup.obj (.text)
                  20009628    000000f0     simplelink.a : cc_pal.obj (.text:spi_Read)
                  20009718    000000f0     driverlib.a : udma.obj (.text:uDMAChannelTransferSet)
                  20009808    000000d8     simplelink.a : driver.obj (.text:_SlDrvClassifyRxMsg)
                  200098e0    000000d4                  : device.obj (.text:sl_Stop)
                  200099b4    000000d0     rtsv7M4_T_le_eabi.lib : s_scalbn.obj (.text)
                  20009a84    000000c8     simplelink.a : netapp.obj (.text:_sl_HandleAsync_DnsGetHostByService)
                  20009b4c    000000c0                  : driver.obj (.text:_SlDrvMsgReadCmdCtx)
                  20009c0c    000000c0                  : driver.obj (.text:_SlRemoveFromList)
                  20009ccc    000000bc                  : device.obj (.text:sl_Start)
                  20009d88    000000b8                  : driver.obj (.text:_SlAsyncEventGenericHandler)
                  20009e40    000000b4                  : netapp.obj (.text:sl_NetAppMDNSRegisterUnregisterService)
                  20009ef4    000000a8     driverlib.a : interrupt.obj (.text:IntDisable)
                  20009f9c    000000a8                 : interrupt.obj (.text:IntEnable)
                  2000a044    000000a0                 : spi.obj (.text:SPIConfigSetExpClk)
                  2000a0e4    0000009c     simplelink.a : driver.obj (.text:_SlDrvMsgReadSpawnCtx)
                  2000a180    0000009c     rtsv7M4_T_le_eabi.lib : memcpy_t2.obj (.text)
                  2000a21c    0000009c     simplelink.a : device.obj (.text:sl_DevGet)
                  2000a2b8    00000098                  : cc_pal.obj (.text:spi_Write)
                  2000a350    00000094     driverlib.a : prcm.obj (.text:PRCMPeripheralClockGet)
                  2000a3e4    0000008c     simplelink.a : cc_pal.obj (.text:SetupDMAReceive)
                  2000a470    0000008c                  : cc_pal.obj (.text:SetupDMASend)
                  2000a4fc    0000008c                  : netapp.obj (.text:_sl_HandleAsync_DnsGetHostByName)
                  2000a588    0000008c                  : netapp.obj (.text:_sl_HandleAsync_PingResponse)
                  2000a614    00000088     driverlib.a : pin.obj (.text:PinConfigSet)
                  2000a69c    00000088     rtsv7M4_T_le_eabi.lib : vsnprintf.obj (.text)
                  2000a724    00000088     simplelink.a : socket.obj (.text:sl_Bind)
                  2000a7ac    00000086     rtsv7M4_T_le_eabi.lib : fd_cmp_t2.obj (.text:__aeabi_cdcmple)
                  2000a832    00000086                           : fd_cmp_t2.obj (.text:__aeabi_cdrcmple)
                  2000a8b8    00000084     simplelink.a : cc_pal.obj (.text:NwpPowerOnPreamble)
                  2000a93c    00000080                  : driver.obj (.text:_SlDrvCmdOp)
                  2000a9bc    00000080                  : cc_pal.obj (.text:spi_Read_CPU)
                  2000aa3c    00000080                  : cc_pal.obj (.text:spi_Write_CPU)
                  2000aabc    0000007c                  : device.obj (.text:_sl_HandleAsync_InitComplete)
                  2000ab38    0000007a     rtsv7M4_T_le_eabi.lib : memset_t2.obj (.text)
                  2000abb2    00000002     --HOLE-- [fill = 0]
                  2000abb4    00000078     simplelink.a : socket.obj (.text:_sl_HandleAsync_Connect)
                  2000ac2c    00000078                  : cc_pal.obj (.text:spi_Close)
                  2000aca4    00000076     driverlib.a : uart.obj (.text:UARTConfigSetExpClk)
                  2000ad1a    00000002     --HOLE-- [fill = 0]
                  2000ad1c    00000074     simplelink.a : socket.obj (.text:sl_Recv)
                  2000ad90    00000070                  : nonos.obj (.text:_SlNonOsMainLoopTask)
                  2000ae00    00000070     rtsv7M4_T_le_eabi.lib : autoinit.obj (.text)
                  2000ae70    0000006c     simplelink.a : driver.obj (.text:_SlDrvCmdSend)
                  2000aedc    0000006a     rtsv7M4_T_le_eabi.lib : copy_decompress_rle.obj (.text)
                  2000af46    00000002     --HOLE-- [fill = 0]
                  2000af48    00000068     simplelink.a : netapp.obj (.text:_sl_NetAppSendTokenValue)
                  2000afb0    00000068                  : netcfg.obj (.text:sl_NetCfgSet)
                  2000b018    00000068                  : socket.obj (.text:sl_SetSockOpt)
                  2000b080    00000068                  : wlan.obj (.text:sl_WlanSet)
                  2000b0e8    00000064     driverlib.a : udma.obj (.text:uDMAChannelAttributeDisable)
                  2000b14c    00000064                 : udma.obj (.text:uDMAChannelAttributeEnable)
                  2000b1b0    00000060     simplelink.a : socket.obj (.text:_sl_HandleAsync_Accept)
                  2000b210    00000060                  : wlan.obj (.text:sl_WlanPolicySet)
                  2000b270    0000005c                  : nonos.obj (.text:_SlNonOsSemGet)
                  2000b2cc    0000005c                  : nonos.obj (.text:_SlNonOsSpawn)
                  2000b328    0000005c     rtsv7M4_T_le_eabi.lib : s_frexp.obj (.text)
                  2000b384    0000005c     simplelink.a : socket.obj (.text:sl_Socket)
                  2000b3e0    00000058     driverlib.a : interrupt.obj (.text:IntPendClear)
                  2000b438    00000058                 : prcm.obj (.text:PRCMPeripheralReset)
                  2000b490    00000056     rtsv7M4_T_le_eabi.lib : ltoa.obj (.text)
                  2000b4e6    00000002     --HOLE-- [fill = 0]
                  2000b4e8    00000054     driverlib.a : interrupt.obj (.text:IntPrioritySet)
                  2000b53c    00000054     simplelink.a : socket.obj (.text:_sl_HandleAsync_Select)
                  2000b590    00000054     rtsv7M4_T_le_eabi.lib : exit.obj (.text)
                  2000b5e4    00000054     simplelink.a : wlan.obj (.text:sl_WlanRxFilterSet)
                  2000b638    00000050                  : device.obj (.text:_sl_HandleAsync_Stop)
                  2000b688    0000004c     driverlib.a : spi.obj (.text:SPIIntEnable)
                  2000b6d4    0000004c                 : spi.obj (.text:SPIIntNumberGet)
                  2000b720    0000004c     simplelink.a : driver.obj (.text:_SlDrvProtectAsyncRespSetting)
                  2000b76c    0000004c                  : driver.obj (.text:_SlDrvRxIrqHandler)
                  2000b7b8    0000004c                  : socket.obj (.text:_sl_BuildAddress)
                  2000b804    0000004c     rtsv7M4_T_le_eabi.lib : atoi.obj (.text)
                  2000b850    0000004c                           : cpy_tbl.obj (.text)
                  2000b89c    0000004c     driverlib.a : udma.obj (.text:uDMAChannelAssign)
                  2000b8e8    00000048                 : spi.obj (.text:SPIIntClear)
                  2000b930    00000048     simplelink.a : driver.obj (.text:_SlDrvBasicCmd)
                  2000b978    00000048     rtsv7M4_T_le_eabi.lib : fd_toi_t2.obj (.text)
                  2000b9c0    00000044     driverlib.a : spi.obj (.text:SPIDmaMaskGet)
                  2000ba04    00000044     simplelink.a : cc_pal.obj (.text:cc_SetupTransfer)
                  2000ba48    00000042                  : socket.obj (.text:sl_Htonl)
                  2000ba8a    00000002     --HOLE-- [fill = 0]
                  2000ba8c    00000040     driverlib.a : pin.obj (.text:PinModeSet)
                  2000bacc    00000040     rtsv7M4_T_le_eabi.lib : boot.obj (.text)
                  2000bb0c    00000040                           : strtok.obj (.text)
                  2000bb4c    0000003e     simplelink.a : cc_pal.obj (.text:NwpRegisterInterruptHandler)
                  2000bb8a    0000003c                  : netapp.obj (.text:CopyPingResultsToReport)
                  2000bbc6    00000002     --HOLE-- [fill = 0]
                  2000bbc8    0000003c     driverlib.a : prcm.obj (.text:PRCMPeripheralClkEnable)
                  2000bc04    0000003c     simplelink.a : socket.obj (.text:_sl_TruncatePayloadByProtocol)
                  2000bc40    0000003c                  : socket.obj (.text:sl_Htons)
                  2000bc7c    0000003c                  : socket.obj (.text:sl_Listen)
                  2000bcb8    0000003c     driverlib.a : udma.obj (.text:uDMAChannelControlSet)
                  2000bcf4    00000038     simplelink.a : cc_pal.obj (.text:NwpPowerOff)
                  2000bd2c    00000036                  : netapp.obj (.text:sl_NetAppMDNSUnRegisterService)
                  2000bd62    00000002     --HOLE-- [fill = 0]
                  2000bd64    00000034     driverlib.a : prcm.obj (.text:PRCMPeripheralStatusGet)
                  2000bd98    00000034                 : spi.obj (.text:SPIFIFOLevelSet)
                  2000bdcc    00000030                 : uart.obj (.text:UARTDisable)
                  2000bdfc    00000030     simplelink.a : device.obj (.text:_SlDrvDeviceEventHandler)
                  2000be2c    00000030                  : socket.obj (.text:sl_Close)
                  2000be5c    00000030                  : wlan.obj (.text:sl_WlanProfileDel)
                  2000be8c    00000030                  : wlan.obj (.text:sl_WlanSetMode)
                  2000bebc    0000002e     rtsv7M4_T_le_eabi.lib : i_tofd_t2.obj (.text)
                  2000beea    00000002     --HOLE-- [fill = 0]
                  2000beec    0000002c     simplelink.a : cc_pal.obj (.text:NwpPowerOn)
                  2000bf18    0000002c     driverlib.a : prcm.obj (.text:PRCMSysResetCauseGet)
                  2000bf44    0000002a     rtsv7M4_T_le_eabi.lib : strspn.obj (.text)
                  2000bf6e    00000002     --HOLE-- [fill = 0]
                  2000bf70    00000028     driverlib.a : prcm.obj (.text:PRCMPeripheralClkDisable)
                  2000bf98    00000024     simplelink.a : cc_pal.obj (.text:DmaSpiSwIntHandler)
                  2000bfbc    00000024     driverlib.a : interrupt.obj (.text:IntUnregister)
                  2000bfe0    00000024                 : uart.obj (.text:UARTEnable)
                  2000c004    00000024     simplelink.a : driver.obj (.text:_SlDrvProtectionObjLockWaitForever)
                  2000c028    00000024     rtsv7M4_T_le_eabi.lib : memmov.obj (.text)
                  2000c04c    00000024                           : strcspn.obj (.text)
                  2000c070    00000022     driverlib.a : spi.obj (.text:SPIReset)
                  2000c092    00000022                 : spi.obj (.text:SPIWordCountSet)
                  2000c0b4    00000020                 : interrupt.obj (.text:IntRegister)
                  2000c0d4    00000020     simplelink.a : driver.obj (.text:_SlDrvProtectionObjUnLock)
                  2000c0f4    0000001e     driverlib.a : uart.obj (.text:UARTCharPut)
                  2000c112    0000001e     simplelink.a : driver.obj (.text:_SlDrvObjLockWaitForever)
                  2000c130    0000001e                  : driver.obj (.text:_SlDrvSyncObjWaitForever)
                  2000c14e    0000001e                  : cc_pal.obj (.text:cc_UDMAChannelSelect)
                  2000c16c    0000001c     driverlib.a : uart.obj (.text:UARTCharGetNonBlocking)
                  2000c188    0000001c     pinmux.obj (.text)
                  2000c1a4    0000001c     rtsv7M4_T_le_eabi.lib : memccpy.obj (.text)
                  2000c1c0    0000001c     driverlib.a : udma.obj (.text:uDMAChannelDisable)
                  2000c1dc    0000001c                 : udma.obj (.text:uDMAChannelEnable)
                  2000c1f8    0000001c                 : udma.obj (.text:uDMAChannelRequest)
                  2000c214    0000001a                 : pin.obj (.text:PinTypeUART)
                  2000c22e    0000001a                 : spi.obj (.text:SPIDmaDisable)
                  2000c248    0000001a                 : spi.obj (.text:SPIDmaEnable)
                  2000c262    0000001a                 : spi.obj (.text:SPIFIFODisable)
                  2000c27c    0000001a                 : spi.obj (.text:SPIFIFOEnable)
                  2000c296    0000001a                 : spi.obj (.text:SPIIntUnregister)
                  2000c2b0    0000001a     simplelink.a : driver.obj (.text:_SlDrvObjUnLock)
                  2000c2ca    0000001a                  : driver.obj (.text:_SlDrvSyncObjSignal)
                  2000c2e4    00000018     driverlib.a : spi.obj (.text:SPICSDisable)
                  2000c2fc    00000018                 : spi.obj (.text:SPICSEnable)
                  2000c314    00000018                 : spi.obj (.text:SPIDisable)
                  2000c32c    00000018                 : spi.obj (.text:SPIEnable)
                  2000c344    00000018                 : uart.obj (.text:UARTCharsAvail)
                  2000c35c    00000018     simplelink.a : nonos.obj (.text:_SlNonOsSemSet)
                  2000c374    00000018                  : device.obj (.text:_sl_GetStartResponseConvert)
                  2000c38c    00000018     rtsv7M4_T_le_eabi.lib : args_main.obj (.text)
                  2000c3a4    00000016     driverlib.a : prcm.obj (.text:PRCMHIBRegRead)
                  2000c3ba    00000016                 : prcm.obj (.text:PRCMHIBRegWrite)
                  2000c3d0    00000016                 : uart.obj (.text:UARTCharGet)
                  2000c3e6    00000016     simplelink.a : driver.obj (.text:_SlDrvMemZero)
                  2000c3fc    00000016     rtsv7M4_T_le_eabi.lib : strchr.obj (.text)
                  2000c412    00000016     driverlib.a : udma.obj (.text:uDMAIntRegister)
                  2000c428    00000014                 : cpu.obj (.text:CPUcpsie)
                  2000c43c    00000014                 : interrupt.obj (.text:IntVTableBaseSet)
                  2000c450    00000014     rtsv7M4_T_le_eabi.lib : _lock.obj (.text)
                  2000c464    00000014                           : strlen.obj (.text)
                  2000c478    00000014     driverlib.a : udma.obj (.text:uDMAControlBaseSet)
                  2000c48c    00000014                 : udma.obj (.text:uDMAIntClear)
                  2000c4a0    00000012                 : udma.obj (.text:uDMAIntUnregister)
                  2000c4b2    0000000e     simplelink.a : driver.obj (.text:_SlDrvResetCmdExt)
                  2000c4c0    0000000e     rtsv7M4_T_le_eabi.lib : copy_decompress_none.obj (.text:decompress:none)
                  2000c4ce    0000000e     startup_ccs.obj (.text)
                  2000c4dc    0000000c     simplelink.a : cc_pal.obj (.text:NwpMaskInterrupt)
                  2000c4e8    0000000c                  : cc_pal.obj (.text:NwpUnMaskInterrupt)
                  2000c4f4    0000000c                  : wlan.obj (.text:sl_WlanDisconnect)
                  2000c500    0000000c     driverlib.a : udma.obj (.text:uDMADisable)
                  2000c50c    0000000c                 : udma.obj (.text:uDMAEnable)
                  2000c518    0000000c                 : udma.obj (.text:uDMAIntStatus)
                  2000c524    0000000a                 : interrupt.obj (.text:IntMasterEnable)
                  2000c52e    00000008     rtsv7M4_T_le_eabi.lib : s_copysign.obj (.text)
                  2000c536    00000006     driverlib.a : utils.obj (.text:UtilsDelay)
                  2000c53c    00000006     rtsv7M4_T_le_eabi.lib : copy_decompress_rle.obj (.text:decompress:rle24)
                  2000c542    00000004                           : pre_init.obj (.text)

.const     0    2000c548    000006c5     
                  2000c548    00000101     rtsv7M4_T_le_eabi.lib : ctype.obj (.const:.string:_ctypes_)
                  2000c649    00000003     --HOLE-- [fill = 0]
                  2000c64c    00000100     driverlib.a : pin.obj (.const:g_ulPinToPadMap)
                  2000c74c    000000d4                 : interrupt.obj (.const:g_pulRegs)
                  2000c820    000000b0     simplelink.a : wlan.obj (.const:$P$T0$1)
                  2000c8d0    000000a8     driverlib.a : prcm.obj (.const:PRCM_PeriphRegsList)
                  2000c978    0000003c     simplelink.a : driver.obj (.const:OpcodeTranslateTable)
                  2000c9b4    0000003c                  : wlan.obj (.const)
                  2000c9f0    00000038                  : driver.obj (.const:_SlActionLookupTable)
                  2000ca28    00000034                  : driver.obj (.const)
                  2000ca5c    00000034                  : socket.obj (.const)
                  2000ca90    0000002c     main.obj (.const:$P$T1$2)
                  2000cabc    00000028     simplelink.a : netapp.obj (.const)
                  2000cae4    00000024     driverlib.a : spi.obj (.const:g_ppulSPIIntMap)
                  2000cb08    00000022     main.obj (.const:.string:$P$T0$1)
                  2000cb2a    00000002     --HOLE-- [fill = 0]
                  2000cb2c    00000018     driverlib.a : interrupt.obj (.const:g_pulDisRegs)
                  2000cb44    00000018                 : interrupt.obj (.const:g_pulEnRegs)
                  2000cb5c    00000018                 : interrupt.obj (.const:g_pulUnpendRegs)
                  2000cb74    00000018                 : spi.obj (.const:g_ulSPIDmaMaskMap)
                  2000cb8c    00000014     main.obj (.const:$P$T2$3)
                  2000cba0    00000014     simplelink.a : device.obj (.const)
                  2000cbb4    00000010                  : socket.obj (.const:.string)
                  2000cbc4    0000000d     main.obj (.const:.string:$P$T3$4)
                  2000cbd1    0000000d     main.obj (.const:.string:$P$T4$5)
                  2000cbde    00000002     --HOLE-- [fill = 0]
                  2000cbe0    0000000c     main.obj (.const:$P$T6$7)
                  2000cbec    0000000c     main.obj (.const:.string:$P$T5$6)
                  2000cbf8    00000008     simplelink.a : device.obj (.const:.string)
                  2000cc00    00000008                  : netcfg.obj (.const)
                  2000cc08    00000005     main.obj (.const:.string:$P$T7$8)

.cinit     0    2000cc10    0000005c     
                  2000cc10    00000034     (.cinit..data.load) [load image, compression = rle]
                  2000cc44    00000004     --HOLE-- [fill = 0]
                  2000cc48    0000000b     (.cinit..bss.load) [load image, compression = rle]
                  2000cc53    00000001     --HOLE-- [fill = 0]
                  2000cc54    00000008     (__TI_handler_table)
                  2000cc5c    00000010     (__TI_cinit_table)

.sysmem    0    20017000    00000800     UNINITIALIZED
                  20017000    00000008     rtsv7M4_T_le_eabi.lib : memory.obj (.sysmem)
                  20017008    000007f8     --HOLE--

.bss       0    20017800    0000073b     UNINITIALIZED
                  20017800    00000400     (.common:gpCtlTbl)
                  20017c00    00000168     simplelink.a : driver.obj (.bss:g_StatMem)
                  20017d68    00000100     (.common:gfpAppCallbackHndl)
                  20017e68    00000050                  : cc_pal.obj (.bss:g_ucDinDout)
                  20017eb8    00000028                  : nonos.obj (.bss:g__SlNonOsCB)
                  20017ee0    00000028     (.common:g_cBsdBuf)
                  20017f08    00000024     (.common:g_ucConnectionSSID)
                  20017f2c    00000008     (.common:g_ucConnectionBSSID)
                  20017f34    00000004     uart_if.obj (.bss)
                  20017f38    00000001     (.common:RxIrqCnt)
                  20017f39    00000001     (.common:g_cDummy)
                  20017f3a    00000001     (.common:iDone)

.data      0    20017f3c    00000060     UNINITIALIZED
                  20017f3c    0000001c     main.obj (.data)
                  20017f58    0000000c     rtsv7M4_T_le_eabi.lib : exit.obj (.data:$O1$$)
                  20017f64    0000000c                           : memory.obj (.data:$O1$$)
                  20017f70    00000009     simplelink.a : cc_pal.obj (.data)
                  20017f79    00000003     --HOLE--
                  20017f7c    00000009                  : driver.obj (.data)
                  20017f85    00000003     --HOLE--
                  20017f88    00000008     rtsv7M4_T_le_eabi.lib : _lock.obj (.data:$O1$$)
                  20017f90    00000004                           : errno.obj (.data)
                  20017f94    00000004                           : stkdepth_vars.obj (.data)
                  20017f98    00000004                           : strtok.obj (.data)

.stack     0    2002f800    00000800     UNINITIALIZED
                  2002f800    00000800     --HOLE--

MODULE SUMMARY

       Module                     code    ro data   rw data
       ------                     ----    -------   -------
    .\
       main.obj                   5504    153       112    
       udma_if.obj                460     0         1281   
       startup_ccs.obj            14      1024      0      
       uart_if.obj                640     0         4      
       pinmux.obj                 28      0         0      
    +--+--------------------------+-------+---------+---------+
       Total:                     6646    1177      1397   
                                                           
    C:/ti/CC3200SDK_1.1.0/cc3200-sdk/driverlib/ccs/Release/driverlib.a
       prcm.obj                   784     168       0      
       interrupt.obj              608     284       0      
       spi.obj                    798     60        0      
       udma.obj                   776     0         0      
       pin.obj                    226     256       0      
       uart.obj                   306     0         0      
       cpu.obj                    20      0         0      
       utils.obj                  6       0         0      
    +--+--------------------------+-------+---------+---------+
       Total:                     3524    768       0      
                                                           
    C:/ti/CC3200SDK_1.1.0/cc3200-sdk/simplelink/ccs/NON_OS/simplelink.a
       driver.obj                 6620    168       370    
       socket.obj                 1958    68        0      
       cc_pal.obj                 1824    0         90     
       wlan.obj                   972     236       0      
       netapp.obj                 1132    40        0      
       device.obj                 832     28        0      
       nonos.obj                  320     0         40     
       netcfg.obj                 104     8         0      
    +--+--------------------------+-------+---------+---------+
       Total:                     13762   548       500    
                                                           
    C:\ti\ccsv6\tools\compiler\arm_15.12.3.LTS\lib\rtsv7M4_T_le_eabi.lib
       _printfi.obj               4348    0         0      
       memory.obj                 988     0         12     
       ull_div_t2.obj             500     0         0      
       fd_add_t2.obj              438     0         0      
       fd_div_t2.obj              310     0         0      
       strtoul.obj                276     0         0      
       fd_cmp_t2.obj              268     0         0      
       ctype.obj                  0       257       0      
       fd_mul_t2.obj              252     0         0      
       s_scalbn.obj               208     0         0      
       memcpy_t2.obj              156     0         0      
       vsnprintf.obj              136     0         0      
       memset_t2.obj              122     0         0      
       autoinit.obj               112     0         0      
       copy_decompress_rle.obj    112     0         0      
       exit.obj                   84      0         12     
       s_frexp.obj                92      0         0      
       ltoa.obj                   86      0         0      
       atoi.obj                   76      0         0      
       cpy_tbl.obj                76      0         0      
       fd_toi_t2.obj              72      0         0      
       strtok.obj                 64      0         4      
       boot.obj                   64      0         0      
       i_tofd_t2.obj              46      0         0      
       strspn.obj                 42      0         0      
       memmov.obj                 36      0         0      
       strcspn.obj                36      0         0      
       _lock.obj                  20      0         8      
       memccpy.obj                28      0         0      
       args_main.obj              24      0         0      
       strchr.obj                 22      0         0      
       strlen.obj                 20      0         0      
       copy_decompress_none.obj   14      0         0      
       s_copysign.obj             8       0         0      
       errno.obj                  0       0         4      
       pre_init.obj               4       0         0      
       stkdepth_vars.obj          0       0         4      
       mpu_init.obj               2       0         0      
       startup.obj                2       0         0      
    +--+--------------------------+-------+---------+---------+
       Total:                     9144    257       44     
                                                           
       Heap:                      0       0         2048   
       Stack:                     0       0         2048   
       Linker Generated:          0       87        0      
    +--+--------------------------+-------+---------+---------+
       Grand Total:               33076   2837      6037   


LINKER GENERATED COPY TABLES

__TI_cinit_table @ 2000cc5c records: 2, size/record: 8, table size: 16
	.data: load addr=2000cc10, load size=00000034 bytes, run addr=20017f3c, run size=00000060 bytes, compression=rle
	.bss: load addr=2000cc48, load size=0000000b bytes, run addr=20017800, run size=0000073b bytes, compression=rle


LINKER GENERATED HANDLER TABLE

__TI_handler_table @ 2000cc54 records: 2, size/record: 4, table size: 8
	index: 0, handler: __TI_decompress_rle24
	index: 1, handler: __TI_decompress_none


GLOBAL SYMBOLS: SORTED ALPHABETICALLY BY Name 

address   name                                  
-------   ----                                  
20005245  BsdTcpClient                          
20005395  BsdTcpServer                          
2000b591  C$$EXIT                               
2000c429  CPUcpsie                              
20007485  ClearTerm                             
2000bb8b  CopyPingResultsToReport               
200080f7  DmaErrorIntHandler                    
2000bf99  DmaSpiSwIntHandler                    
200080e1  DmaSwIntHandler                       
2000748f  Error                                 
200074c7  GetCmd                                
20007445  InitTerm                              
20009ef5  IntDisable                            
20009f9d  IntEnable                             
2000c525  IntMasterEnable                       
2000b3e1  IntPendClear                          
2000b4e9  IntPrioritySet                        
2000c0b5  IntRegister                           
2000bfbd  IntUnregister                         
2000c43d  IntVTableBaseSet                      
20004c4f  IpAddressParser                       
20007463  Message                               
2000c4dd  NwpMaskInterrupt                      
2000bcf5  NwpPowerOff                           
2000beed  NwpPowerOn                            
2000a8b9  NwpPowerOnPreamble                    
2000bb4d  NwpRegisterInterruptHandler           
2000c4e9  NwpUnMaskInterrupt                    
2000c978  OpcodeTranslateTable                  
20008ca1  PRCMCC3200MCUInit                     
2000c3a5  PRCMHIBRegRead                        
2000c3bb  PRCMHIBRegWrite                       
2000bf71  PRCMPeripheralClkDisable              
2000bbc9  PRCMPeripheralClkEnable               
2000a351  PRCMPeripheralClockGet                
2000b439  PRCMPeripheralReset                   
2000bd65  PRCMPeripheralStatusGet               
2000bf19  PRCMSysResetCauseGet                  
2000a615  PinConfigSet                          
2000ba8d  PinModeSet                            
2000c189  PinMuxConfig                          
2000c215  PinTypeUART                           
20007605  Report                                
2000c4cf  ResetISR                              
20017f38  RxIrqCnt                              
2000ca38  RxMsgClassLUT                         
UNDEFED   SHT$$INIT_ARRAY$$Base                 
UNDEFED   SHT$$INIT_ARRAY$$Limit                
2000c2e5  SPICSDisable                          
2000c2fd  SPICSEnable                           
2000a045  SPIConfigSetExpClk                    
2000c315  SPIDisable                            
2000c22f  SPIDmaDisable                         
2000c249  SPIDmaEnable                          
2000c32d  SPIEnable                             
2000c263  SPIFIFODisable                        
2000c27d  SPIFIFOEnable                         
2000bd99  SPIFIFOLevelSet                       
2000b8e9  SPIIntClear                           
2000b689  SPIIntEnable                          
2000c297  SPIIntUnregister                      
2000c071  SPIReset                              
2000c093  SPIWordCountSet                       
200045dd  SimpleLinkGeneralEventHandler         
200045bd  SimpleLinkHttpServerCallback          
2000450f  SimpleLinkNetAppEventHandler          
20004601  SimpleLinkSockEventHandler            
20004401  SimpleLinkWlanEventHandler            
2000cbf8  StartResponseLUT                      
2000756d  TrimSpace                             
2000c3d1  UARTCharGet                           
2000c16d  UARTCharGetNonBlocking                
2000c0f5  UARTCharPut                           
2000c345  UARTCharsAvail                        
2000aca5  UARTConfigSetExpClk                   
2000bdcd  UARTDisable                           
2000bfe1  UARTEnable                            
2000816b  UDMAChannelSelect                     
2000823f  UDMADeInit                            
20008103  UDMAInit                              
20008199  UDMASetupAutoMemTransfer              
200081cd  UDMASetupPingPongTransfer             
20008253  UDMASetupTransfer                     
20008227  UDMAStartTransfer                     
20008233  UDMAStopTransfer                      
20004d39  UserInput                             
2000c537  UtilsDelay                            
2000ca70  _SlAcceptCmdCtrl                      
2000c9f0  _SlActionLookupTable                  
20009d89  _SlAsyncEventGenericHandler           
2000cbac  _SlDeviceGetCmdCtrl                   
2000cbb0  _SlDeviceSetCmdCtrl                   
2000b931  _SlDrvBasicCmd                        
20009809  _SlDrvClassifyRxMsg                   
2000a93d  _SlDrvCmdOp                           
2000ae71  _SlDrvCmdSend                         
20008dd5  _SlDrvDataReadOp                      
20009015  _SlDrvDataWriteOp                     
2000bdfd  _SlDrvDeviceEventHandler              
2000932d  _SlDrvDriverCBDeinit                  
200085f5  _SlDrvDriverCBInit                    
2000c3e7  _SlDrvMemZero                         
20006a7d  _SlDrvMsgRead                         
20009b4d  _SlDrvMsgReadCmdCtx                   
2000a0e5  _SlDrvMsgReadSpawnCtx                 
20007f15  _SlDrvMsgWrite                        
2000942d  _SlDrvNetAppEventHandler              
2000c113  _SlDrvObjLockWaitForever              
2000c2b1  _SlDrvObjUnLock                       
2000b721  _SlDrvProtectAsyncRespSetting         
2000c005  _SlDrvProtectionObjLockWaitForever    
2000c0d5  _SlDrvProtectionObjUnLock             
20007d45  _SlDrvReleasePoolObj                  
2000c4b3  _SlDrvResetCmdExt                     
200076c5  _SlDrvRxHdrRead                       
2000b76d  _SlDrvRxIrqHandler                    
2000c2cb  _SlDrvSyncObjSignal                   
2000c131  _SlDrvSyncObjWaitForever              
20008465  _SlDrvWaitForPoolObj                  
2000cba8  _SlEventMaskGetCmdCtrl                
2000cba4  _SlEventMaskSetCmdCtrl                
2000877d  _SlFindAndSetActiveObj                
2000cad0  _SlGetHostByNameCtrl                  
2000cacc  _SlGetHostByServiceCtrl               
2000cac4  _SlGetServiceListeCtrl                
2000ca7c  _SlGetSockOptCmdCtrl                  
2000ca6c  _SlListenCmdCtrl                      
2000cadc  _SlNetAppGetCmdCtrl                   
2000cad8  _SlNetAppSendTokenValueCmdCtrl        
2000cad4  _SlNetAppSetCmdCtrl                   
2000cabc  _SlNetAppStartCtrl                    
2000cac0  _SlNetAppStopCtrl                     
2000cc04  _SlNetCfgGetCmdCtrl                   
2000cc00  _SlNetCfgSetCmdCtrl                   
2000ad91  _SlNonOsMainLoopTask                  
2000b271  _SlNonOsSemGet                        
2000c35d  _SlNonOsSemSet                        
2000b2cd  _SlNonOsSpawn                         
2000cbb4  _SlPayloadByProtocolLUT               
2000c9b8  _SlPolicyGetCmdCtrl                   
2000c9b4  _SlPolicySetCmdCtrl                   
2000c9c0  _SlProfileDelCmdCtrl                  
2000c9bc  _SlProfileGetCmdCtrl                  
2000ca74  _SlRecvCmdCtrl                        
2000ca64  _SlRecvfomCmdCtrl                     
2000cac8  _SlRegisterServiceCtrl                
20009c0d  _SlRemoveFromList                     
2000c9c8  _SlRxFilterAddtCmdCtrl                
2000c9d0  _SlRxFilterGetCmdCtrl                 
2000c9cc  _SlRxFilterSetCmdCtrl                 
2000ca80  _SlSelectCmdCtrl                      
2000ca68  _SlSendCmdCtrl                        
2000ca78  _SlSetSockOptCmdCtrl                  
2000c9d4  _SlSmartConfigStartCmdCtrl            
2000ca60  _SlSockCloseCmdCtrl                   
2000ca5c  _SlSockSocketCmdCtrl                  
2000cba0  _SlStopCmdCtrl                        
2000c9e0  _SlWlanCfgGetCmdCtrl                  
2000c9dc  _SlWlanCfgSetCmdCtrl                  
2000c9c4  _SlWlanGetNetworkListCtrl             
2000c9d8  _SlWlanSetModeCmdCtrl                 
20030000  __STACK_END                           
00000800  __STACK_SIZE                          
00000800  __SYSMEM_SIZE                         
2000cc5c  __TI_CINIT_Base                       
2000cc6c  __TI_CINIT_Limit                      
2000cc54  __TI_Handler_Table_Base               
2000cc5c  __TI_Handler_Table_Limit              
2000ae01  __TI_auto_init                        
20017f58  __TI_cleanup_ptr                      
2000c4c1  __TI_decompress_none                  
2000c53d  __TI_decompress_rle24                 
20017f5c  __TI_dtors_ptr                        
20017f60  __TI_enable_exit_profile_output       
ffffffff  __TI_pprof_out_hndl                   
20006777  __TI_printfi                          
ffffffff  __TI_prof_data_size                   
ffffffff  __TI_prof_data_start                  
2000cc10  __TI_static_base__                    
2000a7ad  __aeabi_cdcmpeq                       
2000a7ad  __aeabi_cdcmple                       
2000a833  __aeabi_cdrcmple                      
2000b979  __aeabi_d2iz                          
200082b7  __aeabi_dadd                          
20008b69  __aeabi_ddiv                          
2000952b  __aeabi_dmul                          
200082ad  __aeabi_dsub                          
2000bebd  __aeabi_i2d                           
2000ab39  __aeabi_memclr                        
2000ab39  __aeabi_memclr4                       
2000ab39  __aeabi_memclr8                       
2000a181  __aeabi_memcpy                        
2000a181  __aeabi_memcpy4                       
2000a181  __aeabi_memcpy8                       
2000ab3b  __aeabi_memset                        
2000ab3b  __aeabi_memset4                       
2000ab3b  __aeabi_memset8                       
20007b51  __aeabi_uldivmod                      
ffffffff  __binit__                             
ffffffff  __c_args__                            
20008c9f  __mpu_init                            
2002f800  __stack                               
2000c38d  _args_main                            
2000bacd  _c_int00                              
2000c548  _ctypes_                              
20017f88  _lock                                 
2000c45f  _nop                                  
2000c457  _register_lock                        
2000c451  _register_unlock                      
2000b7b9  _sl_BuildAddress                      
2000c375  _sl_GetStartResponseConvert           
2000b1b1  _sl_HandleAsync_Accept                
2000abb5  _sl_HandleAsync_Connect               
2000a4fd  _sl_HandleAsync_DnsGetHostByName      
20009a85  _sl_HandleAsync_DnsGetHostByService   
2000aabd  _sl_HandleAsync_InitComplete          
2000a589  _sl_HandleAsync_PingResponse          
2000b53d  _sl_HandleAsync_Select                
2000b639  _sl_HandleAsync_Stop                  
2000af49  _sl_NetAppSendTokenValue              
2000bc05  _sl_TruncatePayloadByProtocol         
20017000  _sys_memory                           
20009627  _system_post_cinit                    
2000c543  _system_pre_init                      
20017f8c  _unlock                               
2000b595  abort                                 
2000b805  atoi                                  
ffffffff  binit                                 
20007411  calloc                                
2000b851  copy_in                               
2000c52f  copysign                              
2000c52f  copysignl                             
20017f90  errno                                 
2000b59d  exit                                  
2000715f  free                                  
2000b329  frexp                                 
2000b329  frexpl                                
20017f84  gFirstCmdMode                         
2000ca30  g_H2NCnysPattern                      
2000ca28  g_H2NSyncPattern                      
20017f70  g_SpiFd                               
20017c00  g_StatMem                             
20017eb8  g__SlNonOsCB                          
20017ee0  g_cBsdBuf                             
20017f39  g_cDummy                              
20017f7c  g_pCB                                 
20017f74  g_pHostIntHdl                         
20004000  g_pfnVectors                          
20017f2c  g_ucConnectionBSSID                   
20017f08  g_ucConnectionSSID                    
20017f50  g_ucConnectionStatus                  
20017f78  g_ucDMAEnabled                        
20017e68  g_ucDinDout                           
20017f51  g_ucSimplelinkstarted                 
20017f48  g_uiPortNum                           
20017f44  g_ulDestinationIp                     
20017f40  g_ulGatewayIP                         
20017f54  g_ulIpAddr                            
20017f4c  g_ulPacketCount                       
20017f3c  g_ulStatus                            
20017d68  gfpAppCallbackHndl                    
20017800  gpCtlTbl                              
20017f3a  iDone                                 
200099b5  ldexp                                 
200099b5  ldexpl                                
2000b491  ltoa                                  
200056a1  main                                  
20017f94  main_func_sp                          
200070f7  malloc                                
2000732d  memalign                              
2000c1a5  memccpy                               
2000a181  memcpy                                
2000c029  memmove                               
2000ab41  memset                                
20007069  minit                                 
20017f80  pPingCallBackFunc                     
20007221  realloc                               
200099b5  scalbn                                
200099b5  scalbnl                               
20008a31  sl_Accept                             
2000a725  sl_Bind                               
2000be2d  sl_Close                              
2000911d  sl_Connect                            
2000a21d  sl_DevGet                             
2000ba49  sl_Htonl                              
2000bc41  sl_Htons                              
2000bc7d  sl_Listen                             
20009e41  sl_NetAppMDNSRegisterUnregisterService
2000bd2d  sl_NetAppMDNSUnRegisterService        
2000afb1  sl_NetCfgSet                          
2000ad1d  sl_Recv                               
20009225  sl_Send                               
2000b019  sl_SetSockOpt                         
2000b385  sl_Socket                             
20009ccd  sl_Start                              
200098e1  sl_Stop                               
2000790d  sl_WlanConnect                        
2000c4f5  sl_WlanDisconnect                     
2000b211  sl_WlanPolicySet                      
2000be5d  sl_WlanProfileDel                     
2000b5e5  sl_WlanRxFilterSet                    
2000b081  sl_WlanSet                            
2000be8d  sl_WlanSetMode                        
2000ac2d  spi_Close                             
200088ed  spi_Open                              
20009629  spi_Read                              
2000a2b9  spi_Write                             
2000c3fd  strchr                                
2000c04d  strcspn                               
2000c465  strlen                                
2000bf45  strspn                                
2000bb0d  strtok                                
20008f01  strtoul                               
2000b89d  uDMAChannelAssign                     
2000b0e9  uDMAChannelAttributeDisable           
2000b14d  uDMAChannelAttributeEnable            
2000bcb9  uDMAChannelControlSet                 
2000c1c1  uDMAChannelDisable                    
2000c1dd  uDMAChannelEnable                     
2000c1f9  uDMAChannelRequest                    
20009719  uDMAChannelTransferSet                
2000c479  uDMAControlBaseSet                    
2000c501  uDMADisable                           
2000c50d  uDMAEnable                            
2000c48d  uDMAIntClear                          
2000c413  uDMAIntRegister                       
2000c519  uDMAIntStatus                         
2000c4a1  uDMAIntUnregister                     
2000a69d  vsnprintf                             


GLOBAL SYMBOLS: SORTED BY Symbol Address 

address   name                                  
-------   ----                                  
00000800  __STACK_SIZE                          
00000800  __SYSMEM_SIZE                         
20004000  g_pfnVectors                          
20004401  SimpleLinkWlanEventHandler            
2000450f  SimpleLinkNetAppEventHandler          
200045bd  SimpleLinkHttpServerCallback          
200045dd  SimpleLinkGeneralEventHandler         
20004601  SimpleLinkSockEventHandler            
20004c4f  IpAddressParser                       
20004d39  UserInput                             
20005245  BsdTcpClient                          
20005395  BsdTcpServer                          
200056a1  main                                  
20006777  __TI_printfi                          
20006a7d  _SlDrvMsgRead                         
20007069  minit                                 
200070f7  malloc                                
2000715f  free                                  
20007221  realloc                               
2000732d  memalign                              
20007411  calloc                                
20007445  InitTerm                              
20007463  Message                               
20007485  ClearTerm                             
2000748f  Error                                 
200074c7  GetCmd                                
2000756d  TrimSpace                             
20007605  Report                                
200076c5  _SlDrvRxHdrRead                       
2000790d  sl_WlanConnect                        
20007b51  __aeabi_uldivmod                      
20007d45  _SlDrvReleasePoolObj                  
20007f15  _SlDrvMsgWrite                        
200080e1  DmaSwIntHandler                       
200080f7  DmaErrorIntHandler                    
20008103  UDMAInit                              
2000816b  UDMAChannelSelect                     
20008199  UDMASetupAutoMemTransfer              
200081cd  UDMASetupPingPongTransfer             
20008227  UDMAStartTransfer                     
20008233  UDMAStopTransfer                      
2000823f  UDMADeInit                            
20008253  UDMASetupTransfer                     
200082ad  __aeabi_dsub                          
200082b7  __aeabi_dadd                          
20008465  _SlDrvWaitForPoolObj                  
200085f5  _SlDrvDriverCBInit                    
2000877d  _SlFindAndSetActiveObj                
200088ed  spi_Open                              
20008a31  sl_Accept                             
20008b69  __aeabi_ddiv                          
20008c9f  __mpu_init                            
20008ca1  PRCMCC3200MCUInit                     
20008dd5  _SlDrvDataReadOp                      
20008f01  strtoul                               
20009015  _SlDrvDataWriteOp                     
2000911d  sl_Connect                            
20009225  sl_Send                               
2000932d  _SlDrvDriverCBDeinit                  
2000942d  _SlDrvNetAppEventHandler              
2000952b  __aeabi_dmul                          
20009627  _system_post_cinit                    
20009629  spi_Read                              
20009719  uDMAChannelTransferSet                
20009809  _SlDrvClassifyRxMsg                   
200098e1  sl_Stop                               
200099b5  ldexp                                 
200099b5  ldexpl                                
200099b5  scalbn                                
200099b5  scalbnl                               
20009a85  _sl_HandleAsync_DnsGetHostByService   
20009b4d  _SlDrvMsgReadCmdCtx                   
20009c0d  _SlRemoveFromList                     
20009ccd  sl_Start                              
20009d89  _SlAsyncEventGenericHandler           
20009e41  sl_NetAppMDNSRegisterUnregisterService
20009ef5  IntDisable                            
20009f9d  IntEnable                             
2000a045  SPIConfigSetExpClk                    
2000a0e5  _SlDrvMsgReadSpawnCtx                 
2000a181  __aeabi_memcpy                        
2000a181  __aeabi_memcpy4                       
2000a181  __aeabi_memcpy8                       
2000a181  memcpy                                
2000a21d  sl_DevGet                             
2000a2b9  spi_Write                             
2000a351  PRCMPeripheralClockGet                
2000a4fd  _sl_HandleAsync_DnsGetHostByName      
2000a589  _sl_HandleAsync_PingResponse          
2000a615  PinConfigSet                          
2000a69d  vsnprintf                             
2000a725  sl_Bind                               
2000a7ad  __aeabi_cdcmpeq                       
2000a7ad  __aeabi_cdcmple                       
2000a833  __aeabi_cdrcmple                      
2000a8b9  NwpPowerOnPreamble                    
2000a93d  _SlDrvCmdOp                           
2000aabd  _sl_HandleAsync_InitComplete          
2000ab39  __aeabi_memclr                        
2000ab39  __aeabi_memclr4                       
2000ab39  __aeabi_memclr8                       
2000ab3b  __aeabi_memset                        
2000ab3b  __aeabi_memset4                       
2000ab3b  __aeabi_memset8                       
2000ab41  memset                                
2000abb5  _sl_HandleAsync_Connect               
2000ac2d  spi_Close                             
2000aca5  UARTConfigSetExpClk                   
2000ad1d  sl_Recv                               
2000ad91  _SlNonOsMainLoopTask                  
2000ae01  __TI_auto_init                        
2000ae71  _SlDrvCmdSend                         
2000af49  _sl_NetAppSendTokenValue              
2000afb1  sl_NetCfgSet                          
2000b019  sl_SetSockOpt                         
2000b081  sl_WlanSet                            
2000b0e9  uDMAChannelAttributeDisable           
2000b14d  uDMAChannelAttributeEnable            
2000b1b1  _sl_HandleAsync_Accept                
2000b211  sl_WlanPolicySet                      
2000b271  _SlNonOsSemGet                        
2000b2cd  _SlNonOsSpawn                         
2000b329  frexp                                 
2000b329  frexpl                                
2000b385  sl_Socket                             
2000b3e1  IntPendClear                          
2000b439  PRCMPeripheralReset                   
2000b491  ltoa                                  
2000b4e9  IntPrioritySet                        
2000b53d  _sl_HandleAsync_Select                
2000b591  C$$EXIT                               
2000b595  abort                                 
2000b59d  exit                                  
2000b5e5  sl_WlanRxFilterSet                    
2000b639  _sl_HandleAsync_Stop                  
2000b689  SPIIntEnable                          
2000b721  _SlDrvProtectAsyncRespSetting         
2000b76d  _SlDrvRxIrqHandler                    
2000b7b9  _sl_BuildAddress                      
2000b805  atoi                                  
2000b851  copy_in                               
2000b89d  uDMAChannelAssign                     
2000b8e9  SPIIntClear                           
2000b931  _SlDrvBasicCmd                        
2000b979  __aeabi_d2iz                          
2000ba49  sl_Htonl                              
2000ba8d  PinModeSet                            
2000bacd  _c_int00                              
2000bb0d  strtok                                
2000bb4d  NwpRegisterInterruptHandler           
2000bb8b  CopyPingResultsToReport               
2000bbc9  PRCMPeripheralClkEnable               
2000bc05  _sl_TruncatePayloadByProtocol         
2000bc41  sl_Htons                              
2000bc7d  sl_Listen                             
2000bcb9  uDMAChannelControlSet                 
2000bcf5  NwpPowerOff                           
2000bd2d  sl_NetAppMDNSUnRegisterService        
2000bd65  PRCMPeripheralStatusGet               
2000bd99  SPIFIFOLevelSet                       
2000bdcd  UARTDisable                           
2000bdfd  _SlDrvDeviceEventHandler              
2000be2d  sl_Close                              
2000be5d  sl_WlanProfileDel                     
2000be8d  sl_WlanSetMode                        
2000bebd  __aeabi_i2d                           
2000beed  NwpPowerOn                            
2000bf19  PRCMSysResetCauseGet                  
2000bf45  strspn                                
2000bf71  PRCMPeripheralClkDisable              
2000bf99  DmaSpiSwIntHandler                    
2000bfbd  IntUnregister                         
2000bfe1  UARTEnable                            
2000c005  _SlDrvProtectionObjLockWaitForever    
2000c029  memmove                               
2000c04d  strcspn                               
2000c071  SPIReset                              
2000c093  SPIWordCountSet                       
2000c0b5  IntRegister                           
2000c0d5  _SlDrvProtectionObjUnLock             
2000c0f5  UARTCharPut                           
2000c113  _SlDrvObjLockWaitForever              
2000c131  _SlDrvSyncObjWaitForever              
2000c16d  UARTCharGetNonBlocking                
2000c189  PinMuxConfig                          
2000c1a5  memccpy                               
2000c1c1  uDMAChannelDisable                    
2000c1dd  uDMAChannelEnable                     
2000c1f9  uDMAChannelRequest                    
2000c215  PinTypeUART                           
2000c22f  SPIDmaDisable                         
2000c249  SPIDmaEnable                          
2000c263  SPIFIFODisable                        
2000c27d  SPIFIFOEnable                         
2000c297  SPIIntUnregister                      
2000c2b1  _SlDrvObjUnLock                       
2000c2cb  _SlDrvSyncObjSignal                   
2000c2e5  SPICSDisable                          
2000c2fd  SPICSEnable                           
2000c315  SPIDisable                            
2000c32d  SPIEnable                             
2000c345  UARTCharsAvail                        
2000c35d  _SlNonOsSemSet                        
2000c375  _sl_GetStartResponseConvert           
2000c38d  _args_main                            
2000c3a5  PRCMHIBRegRead                        
2000c3bb  PRCMHIBRegWrite                       
2000c3d1  UARTCharGet                           
2000c3e7  _SlDrvMemZero                         
2000c3fd  strchr                                
2000c413  uDMAIntRegister                       
2000c429  CPUcpsie                              
2000c43d  IntVTableBaseSet                      
2000c451  _register_unlock                      
2000c457  _register_lock                        
2000c45f  _nop                                  
2000c465  strlen                                
2000c479  uDMAControlBaseSet                    
2000c48d  uDMAIntClear                          
2000c4a1  uDMAIntUnregister                     
2000c4b3  _SlDrvResetCmdExt                     
2000c4c1  __TI_decompress_none                  
2000c4cf  ResetISR                              
2000c4dd  NwpMaskInterrupt                      
2000c4e9  NwpUnMaskInterrupt                    
2000c4f5  sl_WlanDisconnect                     
2000c501  uDMADisable                           
2000c50d  uDMAEnable                            
2000c519  uDMAIntStatus                         
2000c525  IntMasterEnable                       
2000c52f  copysign                              
2000c52f  copysignl                             
2000c537  UtilsDelay                            
2000c53d  __TI_decompress_rle24                 
2000c543  _system_pre_init                      
2000c548  _ctypes_                              
2000c978  OpcodeTranslateTable                  
2000c9b4  _SlPolicySetCmdCtrl                   
2000c9b8  _SlPolicyGetCmdCtrl                   
2000c9bc  _SlProfileGetCmdCtrl                  
2000c9c0  _SlProfileDelCmdCtrl                  
2000c9c4  _SlWlanGetNetworkListCtrl             
2000c9c8  _SlRxFilterAddtCmdCtrl                
2000c9cc  _SlRxFilterSetCmdCtrl                 
2000c9d0  _SlRxFilterGetCmdCtrl                 
2000c9d4  _SlSmartConfigStartCmdCtrl            
2000c9d8  _SlWlanSetModeCmdCtrl                 
2000c9dc  _SlWlanCfgSetCmdCtrl                  
2000c9e0  _SlWlanCfgGetCmdCtrl                  
2000c9f0  _SlActionLookupTable                  
2000ca28  g_H2NSyncPattern                      
2000ca30  g_H2NCnysPattern                      
2000ca38  RxMsgClassLUT                         
2000ca5c  _SlSockSocketCmdCtrl                  
2000ca60  _SlSockCloseCmdCtrl                   
2000ca64  _SlRecvfomCmdCtrl                     
2000ca68  _SlSendCmdCtrl                        
2000ca6c  _SlListenCmdCtrl                      
2000ca70  _SlAcceptCmdCtrl                      
2000ca74  _SlRecvCmdCtrl                        
2000ca78  _SlSetSockOptCmdCtrl                  
2000ca7c  _SlGetSockOptCmdCtrl                  
2000ca80  _SlSelectCmdCtrl                      
2000cabc  _SlNetAppStartCtrl                    
2000cac0  _SlNetAppStopCtrl                     
2000cac4  _SlGetServiceListeCtrl                
2000cac8  _SlRegisterServiceCtrl                
2000cacc  _SlGetHostByServiceCtrl               
2000cad0  _SlGetHostByNameCtrl                  
2000cad4  _SlNetAppSetCmdCtrl                   
2000cad8  _SlNetAppSendTokenValueCmdCtrl        
2000cadc  _SlNetAppGetCmdCtrl                   
2000cba0  _SlStopCmdCtrl                        
2000cba4  _SlEventMaskSetCmdCtrl                
2000cba8  _SlEventMaskGetCmdCtrl                
2000cbac  _SlDeviceGetCmdCtrl                   
2000cbb0  _SlDeviceSetCmdCtrl                   
2000cbb4  _SlPayloadByProtocolLUT               
2000cbf8  StartResponseLUT                      
2000cc00  _SlNetCfgSetCmdCtrl                   
2000cc04  _SlNetCfgGetCmdCtrl                   
2000cc10  __TI_static_base__                    
2000cc54  __TI_Handler_Table_Base               
2000cc5c  __TI_CINIT_Base                       
2000cc5c  __TI_Handler_Table_Limit              
2000cc6c  __TI_CINIT_Limit                      
20017000  _sys_memory                           
20017800  gpCtlTbl                              
20017c00  g_StatMem                             
20017d68  gfpAppCallbackHndl                    
20017e68  g_ucDinDout                           
20017eb8  g__SlNonOsCB                          
20017ee0  g_cBsdBuf                             
20017f08  g_ucConnectionSSID                    
20017f2c  g_ucConnectionBSSID                   
20017f38  RxIrqCnt                              
20017f39  g_cDummy                              
20017f3a  iDone                                 
20017f3c  g_ulStatus                            
20017f40  g_ulGatewayIP                         
20017f44  g_ulDestinationIp                     
20017f48  g_uiPortNum                           
20017f4c  g_ulPacketCount                       
20017f50  g_ucConnectionStatus                  
20017f51  g_ucSimplelinkstarted                 
20017f54  g_ulIpAddr                            
20017f58  __TI_cleanup_ptr                      
20017f5c  __TI_dtors_ptr                        
20017f60  __TI_enable_exit_profile_output       
20017f70  g_SpiFd                               
20017f74  g_pHostIntHdl                         
20017f78  g_ucDMAEnabled                        
20017f7c  g_pCB                                 
20017f80  pPingCallBackFunc                     
20017f84  gFirstCmdMode                         
20017f88  _lock                                 
20017f8c  _unlock                               
20017f90  errno                                 
20017f94  main_func_sp                          
2002f800  __stack                               
20030000  __STACK_END                           
ffffffff  __TI_pprof_out_hndl                   
ffffffff  __TI_prof_data_size                   
ffffffff  __TI_prof_data_start                  
ffffffff  __binit__                             
ffffffff  __c_args__                            
ffffffff  binit                                 
UNDEFED   SHT$$INIT_ARRAY$$Base                 
UNDEFED   SHT$$INIT_ARRAY$$Limit                

[329 symbols]
