<?xml version="1.0"?>
<link_info>
   <banner>TI ARM Linker PC v15.12.3.LTS</banner>
   <copyright>Copyright (c) 1996-2015 Texas Instruments Incorporated</copyright>
   <link_time>0x5878fb5f</link_time>
   <link_errors>0x0</link_errors>
   <output_file>tcp_socket.out</output_file>
   <entry_point>
      <name>_c_int00</name>
      <address>0x2000bacd</address>
   </entry_point>
   <input_file_list>
      <input_file id="fl-2">
         <path>.\</path>
         <kind>object</kind>
         <file>main.obj</file>
         <name>main.obj</name>
      </input_file>
      <input_file id="fl-3">
         <path>.\</path>
         <kind>object</kind>
         <file>pinmux.obj</file>
         <name>pinmux.obj</name>
      </input_file>
      <input_file id="fl-4">
         <path>.\</path>
         <kind>object</kind>
         <file>startup_ccs.obj</file>
         <name>startup_ccs.obj</name>
      </input_file>
      <input_file id="fl-5">
         <path>.\</path>
         <kind>object</kind>
         <file>uart_if.obj</file>
         <name>uart_if.obj</name>
      </input_file>
      <input_file id="fl-6">
         <path>.\</path>
         <kind>object</kind>
         <file>udma_if.obj</file>
         <name>udma_if.obj</name>
      </input_file>
      <input_file id="fl-c2">
         <path>C:\ti\ccsv6\tools\compiler\arm_15.12.3.LTS\lib\</path>
         <kind>archive</kind>
         <file>rtsv7M4_T_le_eabi.lib</file>
         <name>boot.obj</name>
      </input_file>
      <input_file id="fl-c3">
         <path>C:\ti\ccsv6\tools\compiler\arm_15.12.3.LTS\lib\</path>
         <kind>archive</kind>
         <file>rtsv7M4_T_le_eabi.lib</file>
         <name>copy_decompress_none.obj</name>
      </input_file>
      <input_file id="fl-c4">
         <path>C:\ti\ccsv6\tools\compiler\arm_15.12.3.LTS\lib\</path>
         <kind>archive</kind>
         <file>rtsv7M4_T_le_eabi.lib</file>
         <name>copy_decompress_rle.obj</name>
      </input_file>
      <input_file id="fl-c5">
         <path>C:\ti\ccsv6\tools\compiler\arm_15.12.3.LTS\lib\</path>
         <kind>archive</kind>
         <file>rtsv7M4_T_le_eabi.lib</file>
         <name>copy_zero_init.obj</name>
      </input_file>
      <input_file id="fl-c6">
         <path>C:\ti\ccsv6\tools\compiler\arm_15.12.3.LTS\lib\</path>
         <kind>archive</kind>
         <file>rtsv7M4_T_le_eabi.lib</file>
         <name>exit.obj</name>
      </input_file>
      <input_file id="fl-c7">
         <path>C:\ti\ccsv6\tools\compiler\arm_15.12.3.LTS\lib\</path>
         <kind>archive</kind>
         <file>rtsv7M4_T_le_eabi.lib</file>
         <name>memcpy_t2.obj</name>
      </input_file>
      <input_file id="fl-c8">
         <path>C:\ti\ccsv6\tools\compiler\arm_15.12.3.LTS\lib\</path>
         <kind>archive</kind>
         <file>rtsv7M4_T_le_eabi.lib</file>
         <name>memmov.obj</name>
      </input_file>
      <input_file id="fl-c9">
         <path>C:\ti\ccsv6\tools\compiler\arm_15.12.3.LTS\lib\</path>
         <kind>archive</kind>
         <file>rtsv7M4_T_le_eabi.lib</file>
         <name>memory.obj</name>
      </input_file>
      <input_file id="fl-ca">
         <path>C:\ti\ccsv6\tools\compiler\arm_15.12.3.LTS\lib\</path>
         <kind>archive</kind>
         <file>rtsv7M4_T_le_eabi.lib</file>
         <name>memset_t2.obj</name>
      </input_file>
      <input_file id="fl-cb">
         <path>C:\ti\ccsv6\tools\compiler\arm_15.12.3.LTS\lib\</path>
         <kind>archive</kind>
         <file>rtsv7M4_T_le_eabi.lib</file>
         <name>mpu_init.obj</name>
      </input_file>
      <input_file id="fl-cc">
         <path>C:\ti\ccsv6\tools\compiler\arm_15.12.3.LTS\lib\</path>
         <kind>archive</kind>
         <file>rtsv7M4_T_le_eabi.lib</file>
         <name>pre_init.obj</name>
      </input_file>
      <input_file id="fl-cd">
         <path>C:\ti\ccsv6\tools\compiler\arm_15.12.3.LTS\lib\</path>
         <kind>archive</kind>
         <file>rtsv7M4_T_le_eabi.lib</file>
         <name>stkdepth_vars.obj</name>
      </input_file>
      <input_file id="fl-ce">
         <path>C:\ti\ccsv6\tools\compiler\arm_15.12.3.LTS\lib\</path>
         <kind>archive</kind>
         <file>rtsv7M4_T_le_eabi.lib</file>
         <name>strlen.obj</name>
      </input_file>
      <input_file id="fl-cf">
         <path>C:\ti\ccsv6\tools\compiler\arm_15.12.3.LTS\lib\</path>
         <kind>archive</kind>
         <file>rtsv7M4_T_le_eabi.lib</file>
         <name>strtok.obj</name>
      </input_file>
      <input_file id="fl-d0">
         <path>C:\ti\ccsv6\tools\compiler\arm_15.12.3.LTS\lib\</path>
         <kind>archive</kind>
         <file>rtsv7M4_T_le_eabi.lib</file>
         <name>strtoul.obj</name>
      </input_file>
      <input_file id="fl-d1">
         <path>C:\ti\ccsv6\tools\compiler\arm_15.12.3.LTS\lib\</path>
         <kind>archive</kind>
         <file>rtsv7M4_T_le_eabi.lib</file>
         <name>vsnprintf.obj</name>
      </input_file>
      <input_file id="fl-d2">
         <path>C:\ti\ccsv6\tools\compiler\arm_15.12.3.LTS\lib\</path>
         <kind>archive</kind>
         <file>rtsv7M4_T_le_eabi.lib</file>
         <name>_lock.obj</name>
      </input_file>
      <input_file id="fl-d3">
         <path>C:\ti\ccsv6\tools\compiler\arm_15.12.3.LTS\lib\</path>
         <kind>archive</kind>
         <file>rtsv7M4_T_le_eabi.lib</file>
         <name>_printfi.obj</name>
      </input_file>
      <input_file id="fl-d4">
         <path>C:\ti\ccsv6\tools\compiler\arm_15.12.3.LTS\lib\</path>
         <kind>archive</kind>
         <file>rtsv7M4_T_le_eabi.lib</file>
         <name>args_main.obj</name>
      </input_file>
      <input_file id="fl-d5">
         <path>C:\ti\ccsv6\tools\compiler\arm_15.12.3.LTS\lib\</path>
         <kind>archive</kind>
         <file>rtsv7M4_T_le_eabi.lib</file>
         <name>atoi.obj</name>
      </input_file>
      <input_file id="fl-d6">
         <path>C:\ti\ccsv6\tools\compiler\arm_15.12.3.LTS\lib\</path>
         <kind>archive</kind>
         <file>rtsv7M4_T_le_eabi.lib</file>
         <name>autoinit.obj</name>
      </input_file>
      <input_file id="fl-d7">
         <path>C:\ti\ccsv6\tools\compiler\arm_15.12.3.LTS\lib\</path>
         <kind>archive</kind>
         <file>rtsv7M4_T_le_eabi.lib</file>
         <name>cpy_tbl.obj</name>
      </input_file>
      <input_file id="fl-d8">
         <path>C:\ti\ccsv6\tools\compiler\arm_15.12.3.LTS\lib\</path>
         <kind>archive</kind>
         <file>rtsv7M4_T_le_eabi.lib</file>
         <name>ctype.obj</name>
      </input_file>
      <input_file id="fl-d9">
         <path>C:\ti\ccsv6\tools\compiler\arm_15.12.3.LTS\lib\</path>
         <kind>archive</kind>
         <file>rtsv7M4_T_le_eabi.lib</file>
         <name>errno.obj</name>
      </input_file>
      <input_file id="fl-da">
         <path>C:\ti\ccsv6\tools\compiler\arm_15.12.3.LTS\lib\</path>
         <kind>archive</kind>
         <file>rtsv7M4_T_le_eabi.lib</file>
         <name>fd_add_t2.obj</name>
      </input_file>
      <input_file id="fl-db">
         <path>C:\ti\ccsv6\tools\compiler\arm_15.12.3.LTS\lib\</path>
         <kind>archive</kind>
         <file>rtsv7M4_T_le_eabi.lib</file>
         <name>fd_cmp_t2.obj</name>
      </input_file>
      <input_file id="fl-dc">
         <path>C:\ti\ccsv6\tools\compiler\arm_15.12.3.LTS\lib\</path>
         <kind>archive</kind>
         <file>rtsv7M4_T_le_eabi.lib</file>
         <name>fd_div_t2.obj</name>
      </input_file>
      <input_file id="fl-dd">
         <path>C:\ti\ccsv6\tools\compiler\arm_15.12.3.LTS\lib\</path>
         <kind>archive</kind>
         <file>rtsv7M4_T_le_eabi.lib</file>
         <name>fd_mul_t2.obj</name>
      </input_file>
      <input_file id="fl-de">
         <path>C:\ti\ccsv6\tools\compiler\arm_15.12.3.LTS\lib\</path>
         <kind>archive</kind>
         <file>rtsv7M4_T_le_eabi.lib</file>
         <name>fd_toi_t2.obj</name>
      </input_file>
      <input_file id="fl-df">
         <path>C:\ti\ccsv6\tools\compiler\arm_15.12.3.LTS\lib\</path>
         <kind>archive</kind>
         <file>rtsv7M4_T_le_eabi.lib</file>
         <name>i_tofd_t2.obj</name>
      </input_file>
      <input_file id="fl-e0">
         <path>C:\ti\ccsv6\tools\compiler\arm_15.12.3.LTS\lib\</path>
         <kind>archive</kind>
         <file>rtsv7M4_T_le_eabi.lib</file>
         <name>ltoa.obj</name>
      </input_file>
      <input_file id="fl-e1">
         <path>C:\ti\ccsv6\tools\compiler\arm_15.12.3.LTS\lib\</path>
         <kind>archive</kind>
         <file>rtsv7M4_T_le_eabi.lib</file>
         <name>memccpy.obj</name>
      </input_file>
      <input_file id="fl-e2">
         <path>C:\ti\ccsv6\tools\compiler\arm_15.12.3.LTS\lib\</path>
         <kind>archive</kind>
         <file>rtsv7M4_T_le_eabi.lib</file>
         <name>s_frexp.obj</name>
      </input_file>
      <input_file id="fl-e3">
         <path>C:\ti\ccsv6\tools\compiler\arm_15.12.3.LTS\lib\</path>
         <kind>archive</kind>
         <file>rtsv7M4_T_le_eabi.lib</file>
         <name>s_scalbn.obj</name>
      </input_file>
      <input_file id="fl-e4">
         <path>C:\ti\ccsv6\tools\compiler\arm_15.12.3.LTS\lib\</path>
         <kind>archive</kind>
         <file>rtsv7M4_T_le_eabi.lib</file>
         <name>startup.obj</name>
      </input_file>
      <input_file id="fl-e5">
         <path>C:\ti\ccsv6\tools\compiler\arm_15.12.3.LTS\lib\</path>
         <kind>archive</kind>
         <file>rtsv7M4_T_le_eabi.lib</file>
         <name>strchr.obj</name>
      </input_file>
      <input_file id="fl-e6">
         <path>C:\ti\ccsv6\tools\compiler\arm_15.12.3.LTS\lib\</path>
         <kind>archive</kind>
         <file>rtsv7M4_T_le_eabi.lib</file>
         <name>strcspn.obj</name>
      </input_file>
      <input_file id="fl-e7">
         <path>C:\ti\ccsv6\tools\compiler\arm_15.12.3.LTS\lib\</path>
         <kind>archive</kind>
         <file>rtsv7M4_T_le_eabi.lib</file>
         <name>strspn.obj</name>
      </input_file>
      <input_file id="fl-e8">
         <path>C:\ti\ccsv6\tools\compiler\arm_15.12.3.LTS\lib\</path>
         <kind>archive</kind>
         <file>rtsv7M4_T_le_eabi.lib</file>
         <name>ull_div_t2.obj</name>
      </input_file>
      <input_file id="fl-e9">
         <path>C:\ti\ccsv6\tools\compiler\arm_15.12.3.LTS\lib\</path>
         <kind>archive</kind>
         <file>rtsv7M4_T_le_eabi.lib</file>
         <name>s_copysign.obj</name>
      </input_file>
      <input_file id="fl-ea">
         <path>C:\ti\CC3200SDK_1.1.0\cc3200-sdk\simplelink\ccs\NON_OS\</path>
         <kind>archive</kind>
         <file>simplelink.a</file>
         <name>device.obj</name>
      </input_file>
      <input_file id="fl-eb">
         <path>C:\ti\CC3200SDK_1.1.0\cc3200-sdk\simplelink\ccs\NON_OS\</path>
         <kind>archive</kind>
         <file>simplelink.a</file>
         <name>driver.obj</name>
      </input_file>
      <input_file id="fl-ec">
         <path>C:\ti\CC3200SDK_1.1.0\cc3200-sdk\simplelink\ccs\NON_OS\</path>
         <kind>archive</kind>
         <file>simplelink.a</file>
         <name>netapp.obj</name>
      </input_file>
      <input_file id="fl-ed">
         <path>C:\ti\CC3200SDK_1.1.0\cc3200-sdk\simplelink\ccs\NON_OS\</path>
         <kind>archive</kind>
         <file>simplelink.a</file>
         <name>netcfg.obj</name>
      </input_file>
      <input_file id="fl-ee">
         <path>C:\ti\CC3200SDK_1.1.0\cc3200-sdk\simplelink\ccs\NON_OS\</path>
         <kind>archive</kind>
         <file>simplelink.a</file>
         <name>nonos.obj</name>
      </input_file>
      <input_file id="fl-ef">
         <path>C:\ti\CC3200SDK_1.1.0\cc3200-sdk\simplelink\ccs\NON_OS\</path>
         <kind>archive</kind>
         <file>simplelink.a</file>
         <name>socket.obj</name>
      </input_file>
      <input_file id="fl-f0">
         <path>C:\ti\CC3200SDK_1.1.0\cc3200-sdk\simplelink\ccs\NON_OS\</path>
         <kind>archive</kind>
         <file>simplelink.a</file>
         <name>wlan.obj</name>
      </input_file>
      <input_file id="fl-f1">
         <path>C:\ti\CC3200SDK_1.1.0\cc3200-sdk\simplelink\ccs\NON_OS\</path>
         <kind>archive</kind>
         <file>simplelink.a</file>
         <name>cc_pal.obj</name>
      </input_file>
      <input_file id="fl-f2">
         <path>C:\ti\CC3200SDK_1.1.0\cc3200-sdk\driverlib\ccs\Release\</path>
         <kind>archive</kind>
         <file>driverlib.a</file>
         <name>interrupt.obj</name>
      </input_file>
      <input_file id="fl-f3">
         <path>C:\ti\CC3200SDK_1.1.0\cc3200-sdk\driverlib\ccs\Release\</path>
         <kind>archive</kind>
         <file>driverlib.a</file>
         <name>pin.obj</name>
      </input_file>
      <input_file id="fl-f4">
         <path>C:\ti\CC3200SDK_1.1.0\cc3200-sdk\driverlib\ccs\Release\</path>
         <kind>archive</kind>
         <file>driverlib.a</file>
         <name>prcm.obj</name>
      </input_file>
      <input_file id="fl-f5">
         <path>C:\ti\CC3200SDK_1.1.0\cc3200-sdk\driverlib\ccs\Release\</path>
         <kind>archive</kind>
         <file>driverlib.a</file>
         <name>spi.obj</name>
      </input_file>
      <input_file id="fl-f6">
         <path>C:\ti\CC3200SDK_1.1.0\cc3200-sdk\driverlib\ccs\Release\</path>
         <kind>archive</kind>
         <file>driverlib.a</file>
         <name>uart.obj</name>
      </input_file>
      <input_file id="fl-f7">
         <path>C:\ti\CC3200SDK_1.1.0\cc3200-sdk\driverlib\ccs\Release\</path>
         <kind>archive</kind>
         <file>driverlib.a</file>
         <name>udma.obj</name>
      </input_file>
      <input_file id="fl-f8">
         <path>C:\ti\CC3200SDK_1.1.0\cc3200-sdk\driverlib\ccs\Release\</path>
         <kind>archive</kind>
         <file>driverlib.a</file>
         <name>utils.obj</name>
      </input_file>
      <input_file id="fl-f9">
         <path>C:\ti\CC3200SDK_1.1.0\cc3200-sdk\driverlib\ccs\Release\</path>
         <kind>archive</kind>
         <file>driverlib.a</file>
         <name>cpu.obj</name>
      </input_file>
      <input_file id="fl-fa">
         <path>C:\ti\CC3200SDK_1.1.0\cc3200-sdk\driverlib\ccs\Release\</path>
         <kind>archive</kind>
         <file>driverlib.a</file>
         <name>flash.obj</name>
      </input_file>
   </input_file_list>
   <object_component_list>
      <object_component id="oc-f">
         <name>.intvecs</name>
         <load_address>0x20004000</load_address>
         <run_address>0x20004000</run_address>
         <size>0x400</size>
         <input_file_ref idref="fl-4"/>
      </object_component>
      <object_component id="oc-ac">
         <name>.text</name>
         <load_address>0x20004400</load_address>
         <run_address>0x20004400</run_address>
         <size>0x1580</size>
         <input_file_ref idref="fl-2"/>
      </object_component>
      <object_component id="oc-3f8">
         <name>.text</name>
         <load_address>0x20005980</load_address>
         <run_address>0x20005980</run_address>
         <size>0x10fc</size>
         <input_file_ref idref="fl-d3"/>
      </object_component>
      <object_component id="oc-634">
         <name>.text:_SlDrvMsgRead</name>
         <load_address>0x20006a7c</load_address>
         <run_address>0x20006a7c</run_address>
         <size>0x5ec</size>
         <input_file_ref idref="fl-eb"/>
      </object_component>
      <object_component id="oc-21e">
         <name>.text</name>
         <load_address>0x20007068</load_address>
         <run_address>0x20007068</run_address>
         <size>0x3dc</size>
         <input_file_ref idref="fl-c9"/>
      </object_component>
      <object_component id="oc-da">
         <name>.text</name>
         <load_address>0x20007444</load_address>
         <run_address>0x20007444</run_address>
         <size>0x280</size>
         <input_file_ref idref="fl-5"/>
      </object_component>
      <object_component id="oc-6aa">
         <name>.text:_SlDrvRxHdrRead</name>
         <load_address>0x200076c4</load_address>
         <run_address>0x200076c4</run_address>
         <size>0x248</size>
         <input_file_ref idref="fl-eb"/>
      </object_component>
      <object_component id="oc-18d">
         <name>.text:sl_WlanConnect</name>
         <load_address>0x2000790c</load_address>
         <run_address>0x2000790c</run_address>
         <size>0x244</size>
         <input_file_ref idref="fl-f0"/>
      </object_component>
      <object_component id="oc-593">
         <name>.text</name>
         <load_address>0x20007b50</load_address>
         <run_address>0x20007b50</run_address>
         <size>0x1f4</size>
         <input_file_ref idref="fl-e8"/>
      </object_component>
      <object_component id="oc-27b">
         <name>.text:_SlDrvReleasePoolObj</name>
         <load_address>0x20007d44</load_address>
         <run_address>0x20007d44</run_address>
         <size>0x1d0</size>
         <input_file_ref idref="fl-eb"/>
      </object_component>
      <object_component id="oc-4f8">
         <name>.text:_SlDrvMsgWrite</name>
         <load_address>0x20007f14</load_address>
         <run_address>0x20007f14</run_address>
         <size>0x1cc</size>
         <input_file_ref idref="fl-eb"/>
      </object_component>
      <object_component id="oc-1af">
         <name>.text</name>
         <load_address>0x200080e0</load_address>
         <run_address>0x200080e0</run_address>
         <size>0x1cc</size>
         <input_file_ref idref="fl-6"/>
      </object_component>
      <object_component id="oc-5bc">
         <name>.text</name>
         <load_address>0x200082ac</load_address>
         <run_address>0x200082ac</run_address>
         <size>0x1b6</size>
         <input_file_ref idref="fl-da"/>
      </object_component>
      <object_component id="oc-623">
         <name>.text:IntDefaultHandler</name>
         <load_address>0x20008462</load_address>
         <run_address>0x20008462</run_address>
         <size>0x2</size>
         <input_file_ref idref="fl-f2"/>
      </object_component>
      <object_component id="oc-486">
         <name>.text:_SlDrvWaitForPoolObj</name>
         <load_address>0x20008464</load_address>
         <run_address>0x20008464</run_address>
         <size>0x190</size>
         <input_file_ref idref="fl-eb"/>
      </object_component>
      <object_component id="oc-251">
         <name>.text:_SlDrvDriverCBInit</name>
         <load_address>0x200085f4</load_address>
         <run_address>0x200085f4</run_address>
         <size>0x188</size>
         <input_file_ref idref="fl-eb"/>
      </object_component>
      <object_component id="oc-6bc">
         <name>.text:_SlFindAndSetActiveObj</name>
         <load_address>0x2000877c</load_address>
         <run_address>0x2000877c</run_address>
         <size>0x170</size>
         <input_file_ref idref="fl-eb"/>
      </object_component>
      <object_component id="oc-257">
         <name>.text:spi_Open</name>
         <load_address>0x200088ec</load_address>
         <run_address>0x200088ec</run_address>
         <size>0x144</size>
         <input_file_ref idref="fl-f1"/>
      </object_component>
      <object_component id="oc-17f">
         <name>.text:sl_Accept</name>
         <load_address>0x20008a30</load_address>
         <run_address>0x20008a30</run_address>
         <size>0x138</size>
         <input_file_ref idref="fl-ef"/>
      </object_component>
      <object_component id="oc-5a2">
         <name>.text</name>
         <load_address>0x20008b68</load_address>
         <run_address>0x20008b68</run_address>
         <size>0x136</size>
         <input_file_ref idref="fl-dc"/>
      </object_component>
      <object_component id="oc-5b">
         <name>.text</name>
         <load_address>0x20008c9e</load_address>
         <run_address>0x20008c9e</run_address>
         <size>0x2</size>
         <input_file_ref idref="fl-cb"/>
      </object_component>
      <object_component id="oc-1a6">
         <name>.text:PRCMCC3200MCUInit</name>
         <load_address>0x20008ca0</load_address>
         <run_address>0x20008ca0</run_address>
         <size>0x134</size>
         <input_file_ref idref="fl-f4"/>
      </object_component>
      <object_component id="oc-330">
         <name>.text:_SlDrvDataReadOp</name>
         <load_address>0x20008dd4</load_address>
         <run_address>0x20008dd4</run_address>
         <size>0x12c</size>
         <input_file_ref idref="fl-eb"/>
      </object_component>
      <object_component id="oc-13c">
         <name>.text</name>
         <load_address>0x20008f00</load_address>
         <run_address>0x20008f00</run_address>
         <size>0x114</size>
         <input_file_ref idref="fl-d0"/>
      </object_component>
      <object_component id="oc-325">
         <name>.text:_SlDrvDataWriteOp</name>
         <load_address>0x20009014</load_address>
         <run_address>0x20009014</run_address>
         <size>0x108</size>
         <input_file_ref idref="fl-eb"/>
      </object_component>
      <object_component id="oc-15a">
         <name>.text:sl_Connect</name>
         <load_address>0x2000911c</load_address>
         <run_address>0x2000911c</run_address>
         <size>0x108</size>
         <input_file_ref idref="fl-ef"/>
      </object_component>
      <object_component id="oc-166">
         <name>.text:sl_Send</name>
         <load_address>0x20009224</load_address>
         <run_address>0x20009224</run_address>
         <size>0x108</size>
         <input_file_ref idref="fl-ef"/>
      </object_component>
      <object_component id="oc-2b5">
         <name>.text:_SlDrvDriverCBDeinit</name>
         <load_address>0x2000932c</load_address>
         <run_address>0x2000932c</run_address>
         <size>0x100</size>
         <input_file_ref idref="fl-eb"/>
      </object_component>
      <object_component id="oc-705">
         <name>.text:_SlDrvNetAppEventHandler</name>
         <load_address>0x2000942c</load_address>
         <run_address>0x2000942c</run_address>
         <size>0xfe</size>
         <input_file_ref idref="fl-ec"/>
      </object_component>
      <object_component id="oc-59d">
         <name>.text</name>
         <load_address>0x2000952a</load_address>
         <run_address>0x2000952a</run_address>
         <size>0xfc</size>
         <input_file_ref idref="fl-dd"/>
      </object_component>
      <object_component id="oc-a4">
         <name>.text</name>
         <load_address>0x20009626</load_address>
         <run_address>0x20009626</run_address>
         <size>0x2</size>
         <input_file_ref idref="fl-e4"/>
      </object_component>
      <object_component id="oc-6b6">
         <name>.text:spi_Read</name>
         <load_address>0x20009628</load_address>
         <run_address>0x20009628</run_address>
         <size>0xf0</size>
         <input_file_ref idref="fl-f1"/>
      </object_component>
      <object_component id="oc-3c8">
         <name>.text:uDMAChannelTransferSet</name>
         <load_address>0x20009718</load_address>
         <run_address>0x20009718</run_address>
         <size>0xf0</size>
         <input_file_ref idref="fl-f7"/>
      </object_component>
      <object_component id="oc-6b0">
         <name>.text:_SlDrvClassifyRxMsg</name>
         <load_address>0x20009808</load_address>
         <run_address>0x20009808</run_address>
         <size>0xd8</size>
         <input_file_ref idref="fl-eb"/>
      </object_component>
      <object_component id="oc-f9">
         <name>.text:sl_Stop</name>
         <load_address>0x200098e0</load_address>
         <run_address>0x200098e0</run_address>
         <size>0xd4</size>
         <input_file_ref idref="fl-ea"/>
      </object_component>
      <object_component id="oc-5c7">
         <name>.text</name>
         <load_address>0x200099b4</load_address>
         <run_address>0x200099b4</run_address>
         <size>0xd0</size>
         <input_file_ref idref="fl-e3"/>
      </object_component>
      <object_component id="oc-73d">
         <name>.text:_sl_HandleAsync_DnsGetHostByService</name>
         <load_address>0x20009a84</load_address>
         <run_address>0x20009a84</run_address>
         <size>0xc8</size>
         <input_file_ref idref="fl-ec"/>
      </object_component>
      <object_component id="oc-4fe">
         <name>.text:_SlDrvMsgReadCmdCtx</name>
         <load_address>0x20009b4c</load_address>
         <run_address>0x20009b4c</run_address>
         <size>0xc0</size>
         <input_file_ref idref="fl-eb"/>
      </object_component>
      <object_component id="oc-4bb">
         <name>.text:_SlRemoveFromList</name>
         <load_address>0x20009c0c</load_address>
         <run_address>0x20009c0c</run_address>
         <size>0xc0</size>
         <input_file_ref idref="fl-eb"/>
      </object_component>
      <object_component id="oc-e7">
         <name>.text:sl_Start</name>
         <load_address>0x20009ccc</load_address>
         <run_address>0x20009ccc</run_address>
         <size>0xbc</size>
         <input_file_ref idref="fl-ea"/>
      </object_component>
      <object_component id="oc-63a">
         <name>.text:_SlAsyncEventGenericHandler</name>
         <load_address>0x20009d88</load_address>
         <run_address>0x20009d88</run_address>
         <size>0xb8</size>
         <input_file_ref idref="fl-eb"/>
      </object_component>
      <object_component id="oc-2e4">
         <name>.text:sl_NetAppMDNSRegisterUnregisterService</name>
         <load_address>0x20009e40</load_address>
         <run_address>0x20009e40</run_address>
         <size>0xb4</size>
         <input_file_ref idref="fl-ec"/>
      </object_component>
      <object_component id="oc-4a0">
         <name>.text:IntDisable</name>
         <load_address>0x20009ef4</load_address>
         <run_address>0x20009ef4</run_address>
         <size>0xa8</size>
         <input_file_ref idref="fl-f2"/>
      </object_component>
      <object_component id="oc-1a0">
         <name>.text:IntEnable</name>
         <load_address>0x20009f9c</load_address>
         <run_address>0x20009f9c</run_address>
         <size>0xa8</size>
         <input_file_ref idref="fl-f2"/>
      </object_component>
      <object_component id="oc-43b">
         <name>.text:SPIConfigSetExpClk</name>
         <load_address>0x2000a044</load_address>
         <run_address>0x2000a044</run_address>
         <size>0xa0</size>
         <input_file_ref idref="fl-f5"/>
      </object_component>
      <object_component id="oc-4d4">
         <name>.text:_SlDrvMsgReadSpawnCtx</name>
         <load_address>0x2000a0e4</load_address>
         <run_address>0x2000a0e4</run_address>
         <size>0x9c</size>
         <input_file_ref idref="fl-eb"/>
      </object_component>
      <object_component id="oc-36">
         <name>.text</name>
         <load_address>0x2000a180</load_address>
         <run_address>0x2000a180</run_address>
         <size>0x9c</size>
         <input_file_ref idref="fl-c7"/>
      </object_component>
      <object_component id="oc-ff">
         <name>.text:sl_DevGet</name>
         <load_address>0x2000a21c</load_address>
         <run_address>0x2000a21c</run_address>
         <size>0x9c</size>
         <input_file_ref idref="fl-ea"/>
      </object_component>
      <object_component id="oc-642">
         <name>.text:spi_Write</name>
         <load_address>0x2000a2b8</load_address>
         <run_address>0x2000a2b8</run_address>
         <size>0x98</size>
         <input_file_ref idref="fl-f1"/>
      </object_component>
      <object_component id="oc-1ee">
         <name>.text:PRCMPeripheralClockGet</name>
         <load_address>0x2000a350</load_address>
         <run_address>0x2000a350</run_address>
         <size>0x94</size>
         <input_file_ref idref="fl-f4"/>
      </object_component>
      <object_component id="oc-712">
         <name>.text:SetupDMAReceive</name>
         <load_address>0x2000a3e4</load_address>
         <run_address>0x2000a3e4</run_address>
         <size>0x8c</size>
         <input_file_ref idref="fl-f1"/>
      </object_component>
      <object_component id="oc-6c7">
         <name>.text:SetupDMASend</name>
         <load_address>0x2000a470</load_address>
         <run_address>0x2000a470</run_address>
         <size>0x8c</size>
         <input_file_ref idref="fl-f1"/>
      </object_component>
      <object_component id="oc-737">
         <name>.text:_sl_HandleAsync_DnsGetHostByName</name>
         <load_address>0x2000a4fc</load_address>
         <run_address>0x2000a4fc</run_address>
         <size>0x8c</size>
         <input_file_ref idref="fl-ec"/>
      </object_component>
      <object_component id="oc-70b">
         <name>.text:_sl_HandleAsync_PingResponse</name>
         <load_address>0x2000a588</load_address>
         <run_address>0x2000a588</run_address>
         <size>0x8c</size>
         <input_file_ref idref="fl-ec"/>
      </object_component>
      <object_component id="oc-58a">
         <name>.text:PinConfigSet</name>
         <load_address>0x2000a614</load_address>
         <run_address>0x2000a614</run_address>
         <size>0x88</size>
         <input_file_ref idref="fl-f3"/>
      </object_component>
      <object_component id="oc-200">
         <name>.text</name>
         <load_address>0x2000a69c</load_address>
         <run_address>0x2000a69c</run_address>
         <size>0x88</size>
         <input_file_ref idref="fl-d1"/>
      </object_component>
      <object_component id="oc-16d">
         <name>.text:sl_Bind</name>
         <load_address>0x2000a724</load_address>
         <run_address>0x2000a724</run_address>
         <size>0x88</size>
         <input_file_ref idref="fl-ef"/>
      </object_component>
      <object_component id="oc-598">
         <name>.text:__aeabi_cdcmple</name>
         <load_address>0x2000a7ac</load_address>
         <run_address>0x2000a7ac</run_address>
         <size>0x86</size>
         <input_file_ref idref="fl-db"/>
      </object_component>
      <object_component id="oc-5a7">
         <name>.text:__aeabi_cdrcmple</name>
         <load_address>0x2000a832</load_address>
         <run_address>0x2000a832</run_address>
         <size>0x86</size>
         <input_file_ref idref="fl-db"/>
      </object_component>
      <object_component id="oc-24b">
         <name>.text:NwpPowerOnPreamble</name>
         <load_address>0x2000a8b8</load_address>
         <run_address>0x2000a8b8</run_address>
         <size>0x84</size>
         <input_file_ref idref="fl-f1"/>
      </object_component>
      <object_component id="oc-29f">
         <name>.text:_SlDrvCmdOp</name>
         <load_address>0x2000a93c</load_address>
         <run_address>0x2000a93c</run_address>
         <size>0x80</size>
         <input_file_ref idref="fl-eb"/>
      </object_component>
      <object_component id="oc-718">
         <name>.text:spi_Read_CPU</name>
         <load_address>0x2000a9bc</load_address>
         <run_address>0x2000a9bc</run_address>
         <size>0x80</size>
         <input_file_ref idref="fl-f1"/>
      </object_component>
      <object_component id="oc-6d9">
         <name>.text:spi_Write_CPU</name>
         <load_address>0x2000aa3c</load_address>
         <run_address>0x2000aa3c</run_address>
         <size>0x80</size>
         <input_file_ref idref="fl-f1"/>
      </object_component>
      <object_component id="oc-6e4">
         <name>.text:_sl_HandleAsync_InitComplete</name>
         <load_address>0x2000aabc</load_address>
         <run_address>0x2000aabc</run_address>
         <size>0x7c</size>
         <input_file_ref idref="fl-ea"/>
      </object_component>
      <object_component id="oc-4f">
         <name>.text</name>
         <load_address>0x2000ab38</load_address>
         <run_address>0x2000ab38</run_address>
         <size>0x7a</size>
         <input_file_ref idref="fl-ca"/>
      </object_component>
      <object_component id="oc-759">
         <name>.text:_sl_HandleAsync_Connect</name>
         <load_address>0x2000abb4</load_address>
         <run_address>0x2000abb4</run_address>
         <size>0x78</size>
         <input_file_ref idref="fl-ef"/>
      </object_component>
      <object_component id="oc-2af">
         <name>.text:spi_Close</name>
         <load_address>0x2000ac2c</load_address>
         <run_address>0x2000ac2c</run_address>
         <size>0x78</size>
         <input_file_ref idref="fl-f1"/>
      </object_component>
      <object_component id="oc-1f4">
         <name>.text:UARTConfigSetExpClk</name>
         <load_address>0x2000aca4</load_address>
         <run_address>0x2000aca4</run_address>
         <size>0x76</size>
         <input_file_ref idref="fl-f6"/>
      </object_component>
      <object_component id="oc-186">
         <name>.text:sl_Recv</name>
         <load_address>0x2000ad1c</load_address>
         <run_address>0x2000ad1c</run_address>
         <size>0x74</size>
         <input_file_ref idref="fl-ef"/>
      </object_component>
      <object_component id="oc-ed">
         <name>.text:_SlNonOsMainLoopTask</name>
         <load_address>0x2000ad90</load_address>
         <run_address>0x2000ad90</run_address>
         <size>0x70</size>
         <input_file_ref idref="fl-ee"/>
      </object_component>
      <object_component id="oc-67">
         <name>.text</name>
         <load_address>0x2000ae00</load_address>
         <run_address>0x2000ae00</run_address>
         <size>0x70</size>
         <input_file_ref idref="fl-d6"/>
      </object_component>
      <object_component id="oc-76a">
         <name>.text:_SlDrvCmdSend</name>
         <load_address>0x2000ae70</load_address>
         <run_address>0x2000ae70</run_address>
         <size>0x6c</size>
         <input_file_ref idref="fl-eb"/>
      </object_component>
      <object_component id="oc-42">
         <name>.text</name>
         <load_address>0x2000aedc</load_address>
         <run_address>0x2000aedc</run_address>
         <size>0x6a</size>
         <input_file_ref idref="fl-c4"/>
      </object_component>
      <object_component id="oc-743">
         <name>.text:_sl_NetAppSendTokenValue</name>
         <load_address>0x2000af48</load_address>
         <run_address>0x2000af48</run_address>
         <size>0x68</size>
         <input_file_ref idref="fl-ec"/>
      </object_component>
      <object_component id="oc-117">
         <name>.text:sl_NetCfgSet</name>
         <load_address>0x2000afb0</load_address>
         <run_address>0x2000afb0</run_address>
         <size>0x68</size>
         <input_file_ref idref="fl-ed"/>
      </object_component>
      <object_component id="oc-179">
         <name>.text:sl_SetSockOpt</name>
         <load_address>0x2000b018</load_address>
         <run_address>0x2000b018</run_address>
         <size>0x68</size>
         <input_file_ref idref="fl-ef"/>
      </object_component>
      <object_component id="oc-11d">
         <name>.text:sl_WlanSet</name>
         <load_address>0x2000b080</load_address>
         <run_address>0x2000b080</run_address>
         <size>0x68</size>
         <input_file_ref idref="fl-f0"/>
      </object_component>
      <object_component id="oc-39e">
         <name>.text:uDMAChannelAttributeDisable</name>
         <load_address>0x2000b0e8</load_address>
         <run_address>0x2000b0e8</run_address>
         <size>0x64</size>
         <input_file_ref idref="fl-f7"/>
      </object_component>
      <object_component id="oc-3c2">
         <name>.text:uDMAChannelAttributeEnable</name>
         <load_address>0x2000b14c</load_address>
         <run_address>0x2000b14c</run_address>
         <size>0x64</size>
         <input_file_ref idref="fl-f7"/>
      </object_component>
      <object_component id="oc-753">
         <name>.text:_sl_HandleAsync_Accept</name>
         <load_address>0x2000b1b0</load_address>
         <run_address>0x2000b1b0</run_address>
         <size>0x60</size>
         <input_file_ref idref="fl-ef"/>
      </object_component>
      <object_component id="oc-105">
         <name>.text:sl_WlanPolicySet</name>
         <load_address>0x2000b210</load_address>
         <run_address>0x2000b210</run_address>
         <size>0x60</size>
         <input_file_ref idref="fl-f0"/>
      </object_component>
      <object_component id="oc-41f">
         <name>.text:_SlNonOsSemGet</name>
         <load_address>0x2000b270</load_address>
         <run_address>0x2000b270</run_address>
         <size>0x5c</size>
         <input_file_ref idref="fl-ee"/>
      </object_component>
      <object_component id="oc-4ce">
         <name>.text:_SlNonOsSpawn</name>
         <load_address>0x2000b2cc</load_address>
         <run_address>0x2000b2cc</run_address>
         <size>0x5c</size>
         <input_file_ref idref="fl-ee"/>
      </object_component>
      <object_component id="oc-5c1">
         <name>.text</name>
         <load_address>0x2000b328</load_address>
         <run_address>0x2000b328</run_address>
         <size>0x5c</size>
         <input_file_ref idref="fl-e2"/>
      </object_component>
      <object_component id="oc-154">
         <name>.text:sl_Socket</name>
         <load_address>0x2000b384</load_address>
         <run_address>0x2000b384</run_address>
         <size>0x5c</size>
         <input_file_ref idref="fl-ef"/>
      </object_component>
      <object_component id="oc-4ac">
         <name>.text:IntPendClear</name>
         <load_address>0x2000b3e0</load_address>
         <run_address>0x2000b3e0</run_address>
         <size>0x58</size>
         <input_file_ref idref="fl-f2"/>
      </object_component>
      <object_component id="oc-35f">
         <name>.text:PRCMPeripheralReset</name>
         <load_address>0x2000b438</load_address>
         <run_address>0x2000b438</run_address>
         <size>0x58</size>
         <input_file_ref idref="fl-f4"/>
      </object_component>
      <object_component id="oc-5b1">
         <name>.text</name>
         <load_address>0x2000b490</load_address>
         <run_address>0x2000b490</run_address>
         <size>0x56</size>
         <input_file_ref idref="fl-e0"/>
      </object_component>
      <object_component id="oc-380">
         <name>.text:IntPrioritySet</name>
         <load_address>0x2000b4e8</load_address>
         <run_address>0x2000b4e8</run_address>
         <size>0x54</size>
         <input_file_ref idref="fl-f2"/>
      </object_component>
      <object_component id="oc-75f">
         <name>.text:_sl_HandleAsync_Select</name>
         <load_address>0x2000b53c</load_address>
         <run_address>0x2000b53c</run_address>
         <size>0x54</size>
         <input_file_ref idref="fl-ef"/>
      </object_component>
      <object_component id="oc-73">
         <name>.text</name>
         <load_address>0x2000b590</load_address>
         <run_address>0x2000b590</run_address>
         <size>0x54</size>
         <input_file_ref idref="fl-c6"/>
      </object_component>
      <object_component id="oc-12f">
         <name>.text:sl_WlanRxFilterSet</name>
         <load_address>0x2000b5e4</load_address>
         <run_address>0x2000b5e4</run_address>
         <size>0x54</size>
         <input_file_ref idref="fl-f0"/>
      </object_component>
      <object_component id="oc-6ea">
         <name>.text:_sl_HandleAsync_Stop</name>
         <load_address>0x2000b638</load_address>
         <run_address>0x2000b638</run_address>
         <size>0x50</size>
         <input_file_ref idref="fl-ea"/>
      </object_component>
      <object_component id="oc-465">
         <name>.text:SPIIntEnable</name>
         <load_address>0x2000b688</load_address>
         <run_address>0x2000b688</run_address>
         <size>0x4c</size>
         <input_file_ref idref="fl-f5"/>
      </object_component>
      <object_component id="oc-64b">
         <name>.text:SPIIntNumberGet</name>
         <load_address>0x2000b6d4</load_address>
         <run_address>0x2000b6d4</run_address>
         <size>0x4c</size>
         <input_file_ref idref="fl-f5"/>
      </object_component>
      <object_component id="oc-25d">
         <name>.text:_SlDrvProtectAsyncRespSetting</name>
         <load_address>0x2000b720</load_address>
         <run_address>0x2000b720</run_address>
         <size>0x4c</size>
         <input_file_ref idref="fl-eb"/>
      </object_component>
      <object_component id="oc-28a">
         <name>.text:_SlDrvRxIrqHandler</name>
         <load_address>0x2000b76c</load_address>
         <run_address>0x2000b76c</run_address>
         <size>0x4c</size>
         <input_file_ref idref="fl-eb"/>
      </object_component>
      <object_component id="oc-317">
         <name>.text:_sl_BuildAddress</name>
         <load_address>0x2000b7b8</load_address>
         <run_address>0x2000b7b8</run_address>
         <size>0x4c</size>
         <input_file_ref idref="fl-ef"/>
      </object_component>
      <object_component id="oc-5d9">
         <name>.text</name>
         <load_address>0x2000b804</load_address>
         <run_address>0x2000b804</run_address>
         <size>0x4c</size>
         <input_file_ref idref="fl-d5"/>
      </object_component>
      <object_component id="oc-9e">
         <name>.text</name>
         <load_address>0x2000b850</load_address>
         <run_address>0x2000b850</run_address>
         <size>0x4c</size>
         <input_file_ref idref="fl-d7"/>
      </object_component>
      <object_component id="oc-398">
         <name>.text:uDMAChannelAssign</name>
         <load_address>0x2000b89c</load_address>
         <run_address>0x2000b89c</run_address>
         <size>0x4c</size>
         <input_file_ref idref="fl-f7"/>
      </object_component>
      <object_component id="oc-60d">
         <name>.text:SPIIntClear</name>
         <load_address>0x2000b8e8</load_address>
         <run_address>0x2000b8e8</run_address>
         <size>0x48</size>
         <input_file_ref idref="fl-f5"/>
      </object_component>
      <object_component id="oc-2d2">
         <name>.text:_SlDrvBasicCmd</name>
         <load_address>0x2000b930</load_address>
         <run_address>0x2000b930</run_address>
         <size>0x48</size>
         <input_file_ref idref="fl-eb"/>
      </object_component>
      <object_component id="oc-5ac">
         <name>.text</name>
         <load_address>0x2000b978</load_address>
         <run_address>0x2000b978</run_address>
         <size>0x48</size>
         <input_file_ref idref="fl-de"/>
      </object_component>
      <object_component id="oc-601">
         <name>.text:SPIDmaMaskGet</name>
         <load_address>0x2000b9c0</load_address>
         <run_address>0x2000b9c0</run_address>
         <size>0x44</size>
         <input_file_ref idref="fl-f5"/>
      </object_component>
      <object_component id="oc-725">
         <name>.text:cc_SetupTransfer</name>
         <load_address>0x2000ba04</load_address>
         <run_address>0x2000ba04</run_address>
         <size>0x44</size>
         <input_file_ref idref="fl-f1"/>
      </object_component>
      <object_component id="oc-14e">
         <name>.text:sl_Htonl</name>
         <load_address>0x2000ba48</load_address>
         <run_address>0x2000ba48</run_address>
         <size>0x42</size>
         <input_file_ref idref="fl-ef"/>
      </object_component>
      <object_component id="oc-584">
         <name>.text:PinModeSet</name>
         <load_address>0x2000ba8c</load_address>
         <run_address>0x2000ba8c</run_address>
         <size>0x40</size>
         <input_file_ref idref="fl-f3"/>
      </object_component>
      <object_component id="oc-24">
         <name>.text</name>
         <load_address>0x2000bacc</load_address>
         <run_address>0x2000bacc</run_address>
         <size>0x40</size>
         <input_file_ref idref="fl-c2"/>
      </object_component>
      <object_component id="oc-136">
         <name>.text</name>
         <load_address>0x2000bb0c</load_address>
         <run_address>0x2000bb0c</run_address>
         <size>0x40</size>
         <input_file_ref idref="fl-cf"/>
      </object_component>
      <object_component id="oc-269">
         <name>.text:NwpRegisterInterruptHandler</name>
         <load_address>0x2000bb4c</load_address>
         <run_address>0x2000bb4c</run_address>
         <size>0x3e</size>
         <input_file_ref idref="fl-f1"/>
      </object_component>
      <object_component id="oc-74a">
         <name>.text:CopyPingResultsToReport</name>
         <load_address>0x2000bb8a</load_address>
         <run_address>0x2000bb8a</run_address>
         <size>0x3c</size>
         <input_file_ref idref="fl-ec"/>
      </object_component>
      <object_component id="oc-359">
         <name>.text:PRCMPeripheralClkEnable</name>
         <load_address>0x2000bbc8</load_address>
         <run_address>0x2000bbc8</run_address>
         <size>0x3c</size>
         <input_file_ref idref="fl-f4"/>
      </object_component>
      <object_component id="oc-31f">
         <name>.text:_sl_TruncatePayloadByProtocol</name>
         <load_address>0x2000bc04</load_address>
         <run_address>0x2000bc04</run_address>
         <size>0x3c</size>
         <input_file_ref idref="fl-ef"/>
      </object_component>
      <object_component id="oc-148">
         <name>.text:sl_Htons</name>
         <load_address>0x2000bc40</load_address>
         <run_address>0x2000bc40</run_address>
         <size>0x3c</size>
         <input_file_ref idref="fl-ef"/>
      </object_component>
      <object_component id="oc-173">
         <name>.text:sl_Listen</name>
         <load_address>0x2000bc7c</load_address>
         <run_address>0x2000bc7c</run_address>
         <size>0x3c</size>
         <input_file_ref idref="fl-ef"/>
      </object_component>
      <object_component id="oc-3bc">
         <name>.text:uDMAChannelControlSet</name>
         <load_address>0x2000bcb8</load_address>
         <run_address>0x2000bcb8</run_address>
         <size>0x3c</size>
         <input_file_ref idref="fl-f7"/>
      </object_component>
      <object_component id="oc-263">
         <name>.text:NwpPowerOff</name>
         <load_address>0x2000bcf4</load_address>
         <run_address>0x2000bcf4</run_address>
         <size>0x38</size>
         <input_file_ref idref="fl-f1"/>
      </object_component>
      <object_component id="oc-123">
         <name>.text:sl_NetAppMDNSUnRegisterService</name>
         <load_address>0x2000bd2c</load_address>
         <run_address>0x2000bd2c</run_address>
         <size>0x36</size>
         <input_file_ref idref="fl-ec"/>
      </object_component>
      <object_component id="oc-441">
         <name>.text:PRCMPeripheralStatusGet</name>
         <load_address>0x2000bd64</load_address>
         <run_address>0x2000bd64</run_address>
         <size>0x34</size>
         <input_file_ref idref="fl-f4"/>
      </object_component>
      <object_component id="oc-459">
         <name>.text:SPIFIFOLevelSet</name>
         <load_address>0x2000bd98</load_address>
         <run_address>0x2000bd98</run_address>
         <size>0x34</size>
         <input_file_ref idref="fl-f5"/>
      </object_component>
      <object_component id="oc-3ea">
         <name>.text:UARTDisable</name>
         <load_address>0x2000bdcc</load_address>
         <run_address>0x2000bdcc</run_address>
         <size>0x30</size>
         <input_file_ref idref="fl-f6"/>
      </object_component>
      <object_component id="oc-654">
         <name>.text:_SlDrvDeviceEventHandler</name>
         <load_address>0x2000bdfc</load_address>
         <run_address>0x2000bdfc</run_address>
         <size>0x30</size>
         <input_file_ref idref="fl-ea"/>
      </object_component>
      <object_component id="oc-160">
         <name>.text:sl_Close</name>
         <load_address>0x2000be2c</load_address>
         <run_address>0x2000be2c</run_address>
         <size>0x30</size>
         <input_file_ref idref="fl-ef"/>
      </object_component>
      <object_component id="oc-10b">
         <name>.text:sl_WlanProfileDel</name>
         <load_address>0x2000be5c</load_address>
         <run_address>0x2000be5c</run_address>
         <size>0x30</size>
         <input_file_ref idref="fl-f0"/>
      </object_component>
      <object_component id="oc-f3">
         <name>.text:sl_WlanSetMode</name>
         <load_address>0x2000be8c</load_address>
         <run_address>0x2000be8c</run_address>
         <size>0x30</size>
         <input_file_ref idref="fl-f0"/>
      </object_component>
      <object_component id="oc-5b7">
         <name>.text</name>
         <load_address>0x2000bebc</load_address>
         <run_address>0x2000bebc</run_address>
         <size>0x2e</size>
         <input_file_ref idref="fl-df"/>
      </object_component>
      <object_component id="oc-26f">
         <name>.text:NwpPowerOn</name>
         <load_address>0x2000beec</load_address>
         <run_address>0x2000beec</run_address>
         <size>0x2c</size>
         <input_file_ref idref="fl-f1"/>
      </object_component>
      <object_component id="oc-36b">
         <name>.text:PRCMSysResetCauseGet</name>
         <load_address>0x2000bf18</load_address>
         <run_address>0x2000bf18</run_address>
         <size>0x2c</size>
         <input_file_ref idref="fl-f4"/>
      </object_component>
      <object_component id="oc-2f1">
         <name>.text</name>
         <load_address>0x2000bf44</load_address>
         <run_address>0x2000bf44</run_address>
         <size>0x2a</size>
         <input_file_ref idref="fl-e7"/>
      </object_component>
      <object_component id="oc-365">
         <name>.text:PRCMPeripheralClkDisable</name>
         <load_address>0x2000bf70</load_address>
         <run_address>0x2000bf70</run_address>
         <size>0x28</size>
         <input_file_ref idref="fl-f4"/>
      </object_component>
      <object_component id="oc-477">
         <name>.text:DmaSpiSwIntHandler</name>
         <load_address>0x2000bf98</load_address>
         <run_address>0x2000bf98</run_address>
         <size>0x24</size>
         <input_file_ref idref="fl-f1"/>
      </object_component>
      <object_component id="oc-4a6">
         <name>.text:IntUnregister</name>
         <load_address>0x2000bfbc</load_address>
         <run_address>0x2000bfbc</run_address>
         <size>0x24</size>
         <input_file_ref idref="fl-f2"/>
      </object_component>
      <object_component id="oc-3f0">
         <name>.text:UARTEnable</name>
         <load_address>0x2000bfe0</load_address>
         <run_address>0x2000bfe0</run_address>
         <size>0x24</size>
         <input_file_ref idref="fl-f6"/>
      </object_component>
      <object_component id="oc-48c">
         <name>.text:_SlDrvProtectionObjLockWaitForever</name>
         <load_address>0x2000c004</load_address>
         <run_address>0x2000c004</run_address>
         <size>0x24</size>
         <input_file_ref idref="fl-eb"/>
      </object_component>
      <object_component id="oc-218">
         <name>.text</name>
         <load_address>0x2000c028</load_address>
         <run_address>0x2000c028</run_address>
         <size>0x24</size>
         <input_file_ref idref="fl-c8"/>
      </object_component>
      <object_component id="oc-2f7">
         <name>.text</name>
         <load_address>0x2000c04c</load_address>
         <run_address>0x2000c04c</run_address>
         <size>0x24</size>
         <input_file_ref idref="fl-e6"/>
      </object_component>
      <object_component id="oc-435">
         <name>.text:SPIReset</name>
         <load_address>0x2000c070</load_address>
         <run_address>0x2000c070</run_address>
         <size>0x22</size>
         <input_file_ref idref="fl-f5"/>
      </object_component>
      <object_component id="oc-6d3">
         <name>.text:SPIWordCountSet</name>
         <load_address>0x2000c092</load_address>
         <run_address>0x2000c092</run_address>
         <size>0x22</size>
         <input_file_ref idref="fl-f5"/>
      </object_component>
      <object_component id="oc-45f">
         <name>.text:IntRegister</name>
         <load_address>0x2000c0b4</load_address>
         <run_address>0x2000c0b4</run_address>
         <size>0x20</size>
         <input_file_ref idref="fl-f2"/>
      </object_component>
      <object_component id="oc-492">
         <name>.text:_SlDrvProtectionObjUnLock</name>
         <load_address>0x2000c0d4</load_address>
         <run_address>0x2000c0d4</run_address>
         <size>0x20</size>
         <input_file_ref idref="fl-eb"/>
      </object_component>
      <object_component id="oc-1fa">
         <name>.text:UARTCharPut</name>
         <load_address>0x2000c0f4</load_address>
         <run_address>0x2000c0f4</run_address>
         <size>0x1e</size>
         <input_file_ref idref="fl-f6"/>
      </object_component>
      <object_component id="oc-4f2">
         <name>.text:_SlDrvObjLockWaitForever</name>
         <load_address>0x2000c112</load_address>
         <run_address>0x2000c112</run_address>
         <size>0x1e</size>
         <input_file_ref idref="fl-eb"/>
      </object_component>
      <object_component id="oc-275">
         <name>.text:_SlDrvSyncObjWaitForever</name>
         <load_address>0x2000c130</load_address>
         <run_address>0x2000c130</run_address>
         <size>0x1e</size>
         <input_file_ref idref="fl-eb"/>
      </object_component>
      <object_component id="oc-447">
         <name>.text:cc_UDMAChannelSelect</name>
         <load_address>0x2000c14e</load_address>
         <run_address>0x2000c14e</run_address>
         <size>0x1e</size>
         <input_file_ref idref="fl-f1"/>
      </object_component>
      <object_component id="oc-20c">
         <name>.text:UARTCharGetNonBlocking</name>
         <load_address>0x2000c16c</load_address>
         <run_address>0x2000c16c</run_address>
         <size>0x1c</size>
         <input_file_ref idref="fl-f6"/>
      </object_component>
      <object_component id="oc-1b5">
         <name>.text</name>
         <load_address>0x2000c188</load_address>
         <run_address>0x2000c188</run_address>
         <size>0x1c</size>
         <input_file_ref idref="fl-3"/>
      </object_component>
      <object_component id="oc-5d3">
         <name>.text</name>
         <load_address>0x2000c1a4</load_address>
         <run_address>0x2000c1a4</run_address>
         <size>0x1c</size>
         <input_file_ref idref="fl-e1"/>
      </object_component>
      <object_component id="oc-3aa">
         <name>.text:uDMAChannelDisable</name>
         <load_address>0x2000c1c0</load_address>
         <run_address>0x2000c1c0</run_address>
         <size>0x1c</size>
         <input_file_ref idref="fl-f7"/>
      </object_component>
      <object_component id="oc-3ce">
         <name>.text:uDMAChannelEnable</name>
         <load_address>0x2000c1dc</load_address>
         <run_address>0x2000c1dc</run_address>
         <size>0x1c</size>
         <input_file_ref idref="fl-f7"/>
      </object_component>
      <object_component id="oc-3a4">
         <name>.text:uDMAChannelRequest</name>
         <load_address>0x2000c1f8</load_address>
         <run_address>0x2000c1f8</run_address>
         <size>0x1c</size>
         <input_file_ref idref="fl-f7"/>
      </object_component>
      <object_component id="oc-3df">
         <name>.text:PinTypeUART</name>
         <load_address>0x2000c214</load_address>
         <run_address>0x2000c214</run_address>
         <size>0x1a</size>
         <input_file_ref idref="fl-f3"/>
      </object_component>
      <object_component id="oc-51b">
         <name>.text:SPIDmaDisable</name>
         <load_address>0x2000c22e</load_address>
         <run_address>0x2000c22e</run_address>
         <size>0x1a</size>
         <input_file_ref idref="fl-f5"/>
      </object_component>
      <object_component id="oc-453">
         <name>.text:SPIDmaEnable</name>
         <load_address>0x2000c248</load_address>
         <run_address>0x2000c248</run_address>
         <size>0x1a</size>
         <input_file_ref idref="fl-f5"/>
      </object_component>
      <object_component id="oc-515">
         <name>.text:SPIFIFODisable</name>
         <load_address>0x2000c262</load_address>
         <run_address>0x2000c262</run_address>
         <size>0x1a</size>
         <input_file_ref idref="fl-f5"/>
      </object_component>
      <object_component id="oc-44d">
         <name>.text:SPIFIFOEnable</name>
         <load_address>0x2000c27c</load_address>
         <run_address>0x2000c27c</run_address>
         <size>0x1a</size>
         <input_file_ref idref="fl-f5"/>
      </object_component>
      <object_component id="oc-50f">
         <name>.text:SPIIntUnregister</name>
         <load_address>0x2000c296</load_address>
         <run_address>0x2000c296</run_address>
         <size>0x1a</size>
         <input_file_ref idref="fl-f5"/>
      </object_component>
      <object_component id="oc-504">
         <name>.text:_SlDrvObjUnLock</name>
         <load_address>0x2000c2b0</load_address>
         <run_address>0x2000c2b0</run_address>
         <size>0x1a</size>
         <input_file_ref idref="fl-eb"/>
      </object_component>
      <object_component id="oc-4c1">
         <name>.text:_SlDrvSyncObjSignal</name>
         <load_address>0x2000c2ca</load_address>
         <run_address>0x2000c2ca</run_address>
         <size>0x1a</size>
         <input_file_ref idref="fl-eb"/>
      </object_component>
      <object_component id="oc-429">
         <name>.text:SPICSDisable</name>
         <load_address>0x2000c2e4</load_address>
         <run_address>0x2000c2e4</run_address>
         <size>0x18</size>
         <input_file_ref idref="fl-f5"/>
      </object_component>
      <object_component id="oc-6cd">
         <name>.text:SPICSEnable</name>
         <load_address>0x2000c2fc</load_address>
         <run_address>0x2000c2fc</run_address>
         <size>0x18</size>
         <input_file_ref idref="fl-f5"/>
      </object_component>
      <object_component id="oc-42f">
         <name>.text:SPIDisable</name>
         <load_address>0x2000c314</load_address>
         <run_address>0x2000c314</run_address>
         <size>0x18</size>
         <input_file_ref idref="fl-f5"/>
      </object_component>
      <object_component id="oc-46b">
         <name>.text:SPIEnable</name>
         <load_address>0x2000c32c</load_address>
         <run_address>0x2000c32c</run_address>
         <size>0x18</size>
         <input_file_ref idref="fl-f5"/>
      </object_component>
      <object_component id="oc-206">
         <name>.text:UARTCharsAvail</name>
         <load_address>0x2000c344</load_address>
         <run_address>0x2000c344</run_address>
         <size>0x18</size>
         <input_file_ref idref="fl-f6"/>
      </object_component>
      <object_component id="oc-419">
         <name>.text:_SlNonOsSemSet</name>
         <load_address>0x2000c35c</load_address>
         <run_address>0x2000c35c</run_address>
         <size>0x18</size>
         <input_file_ref idref="fl-ee"/>
      </object_component>
      <object_component id="oc-281">
         <name>.text:_sl_GetStartResponseConvert</name>
         <load_address>0x2000c374</load_address>
         <run_address>0x2000c374</run_address>
         <size>0x18</size>
         <input_file_ref idref="fl-ea"/>
      </object_component>
      <object_component id="oc-6d">
         <name>.text</name>
         <load_address>0x2000c38c</load_address>
         <run_address>0x2000c38c</run_address>
         <size>0x18</size>
         <input_file_ref idref="fl-d4"/>
      </object_component>
      <object_component id="oc-34d">
         <name>.text:PRCMHIBRegRead</name>
         <load_address>0x2000c3a4</load_address>
         <run_address>0x2000c3a4</run_address>
         <size>0x16</size>
         <input_file_ref idref="fl-f4"/>
      </object_component>
      <object_component id="oc-353">
         <name>.text:PRCMHIBRegWrite</name>
         <load_address>0x2000c3ba</load_address>
         <run_address>0x2000c3ba</run_address>
         <size>0x16</size>
         <input_file_ref idref="fl-f4"/>
      </object_component>
      <object_component id="oc-142">
         <name>.text:UARTCharGet</name>
         <load_address>0x2000c3d0</load_address>
         <run_address>0x2000c3d0</run_address>
         <size>0x16</size>
         <input_file_ref idref="fl-f6"/>
      </object_component>
      <object_component id="oc-337">
         <name>.text:_SlDrvMemZero</name>
         <load_address>0x2000c3e6</load_address>
         <run_address>0x2000c3e6</run_address>
         <size>0x16</size>
         <input_file_ref idref="fl-eb"/>
      </object_component>
      <object_component id="oc-5cd">
         <name>.text</name>
         <load_address>0x2000c3fc</load_address>
         <run_address>0x2000c3fc</run_address>
         <size>0x16</size>
         <input_file_ref idref="fl-e5"/>
      </object_component>
      <object_component id="oc-386">
         <name>.text:uDMAIntRegister</name>
         <load_address>0x2000c412</load_address>
         <run_address>0x2000c412</run_address>
         <size>0x16</size>
         <input_file_ref idref="fl-f7"/>
      </object_component>
      <object_component id="oc-342">
         <name>.text:CPUcpsie</name>
         <load_address>0x2000c428</load_address>
         <run_address>0x2000c428</run_address>
         <size>0x14</size>
         <input_file_ref idref="fl-f9"/>
      </object_component>
      <object_component id="oc-194">
         <name>.text:IntVTableBaseSet</name>
         <load_address>0x2000c43c</load_address>
         <run_address>0x2000c43c</run_address>
         <size>0x14</size>
         <input_file_ref idref="fl-f2"/>
      </object_component>
      <object_component id="oc-1db">
         <name>.text</name>
         <load_address>0x2000c450</load_address>
         <run_address>0x2000c450</run_address>
         <size>0x14</size>
         <input_file_ref idref="fl-d2"/>
      </object_component>
      <object_component id="oc-212">
         <name>.text</name>
         <load_address>0x2000c464</load_address>
         <run_address>0x2000c464</run_address>
         <size>0x14</size>
         <input_file_ref idref="fl-ce"/>
      </object_component>
      <object_component id="oc-392">
         <name>.text:uDMAControlBaseSet</name>
         <load_address>0x2000c478</load_address>
         <run_address>0x2000c478</run_address>
         <size>0x14</size>
         <input_file_ref idref="fl-f7"/>
      </object_component>
      <object_component id="oc-37a">
         <name>.text:uDMAIntClear</name>
         <load_address>0x2000c48c</load_address>
         <run_address>0x2000c48c</run_address>
         <size>0x14</size>
         <input_file_ref idref="fl-f7"/>
      </object_component>
      <object_component id="oc-3b0">
         <name>.text:uDMAIntUnregister</name>
         <load_address>0x2000c4a0</load_address>
         <run_address>0x2000c4a0</run_address>
         <size>0x12</size>
         <input_file_ref idref="fl-f7"/>
      </object_component>
      <object_component id="oc-2c4">
         <name>.text:_SlDrvResetCmdExt</name>
         <load_address>0x2000c4b2</load_address>
         <run_address>0x2000c4b2</run_address>
         <size>0xe</size>
         <input_file_ref idref="fl-eb"/>
      </object_component>
      <object_component id="oc-12">
         <name>.text:decompress:none</name>
         <load_address>0x2000c4c0</load_address>
         <run_address>0x2000c4c0</run_address>
         <size>0xe</size>
         <input_file_ref idref="fl-c3"/>
      </object_component>
      <object_component id="oc-2d">
         <name>.text</name>
         <load_address>0x2000c4ce</load_address>
         <run_address>0x2000c4ce</run_address>
         <size>0xe</size>
         <input_file_ref idref="fl-4"/>
      </object_component>
      <object_component id="oc-499">
         <name>.text:NwpMaskInterrupt</name>
         <load_address>0x2000c4dc</load_address>
         <run_address>0x2000c4dc</run_address>
         <size>0xc</size>
         <input_file_ref idref="fl-f1"/>
      </object_component>
      <object_component id="oc-4b3">
         <name>.text:NwpUnMaskInterrupt</name>
         <load_address>0x2000c4e8</load_address>
         <run_address>0x2000c4e8</run_address>
         <size>0xc</size>
         <input_file_ref idref="fl-f1"/>
      </object_component>
      <object_component id="oc-111">
         <name>.text:sl_WlanDisconnect</name>
         <load_address>0x2000c4f4</load_address>
         <run_address>0x2000c4f4</run_address>
         <size>0xc</size>
         <input_file_ref idref="fl-f0"/>
      </object_component>
      <object_component id="oc-3b6">
         <name>.text:uDMADisable</name>
         <load_address>0x2000c500</load_address>
         <run_address>0x2000c500</run_address>
         <size>0xc</size>
         <input_file_ref idref="fl-f7"/>
      </object_component>
      <object_component id="oc-38c">
         <name>.text:uDMAEnable</name>
         <load_address>0x2000c50c</load_address>
         <run_address>0x2000c50c</run_address>
         <size>0xc</size>
         <input_file_ref idref="fl-f7"/>
      </object_component>
      <object_component id="oc-374">
         <name>.text:uDMAIntStatus</name>
         <load_address>0x2000c518</load_address>
         <run_address>0x2000c518</run_address>
         <size>0xc</size>
         <input_file_ref idref="fl-f7"/>
      </object_component>
      <object_component id="oc-19a">
         <name>.text:IntMasterEnable</name>
         <load_address>0x2000c524</load_address>
         <run_address>0x2000c524</run_address>
         <size>0xa</size>
         <input_file_ref idref="fl-f2"/>
      </object_component>
      <object_component id="oc-68b">
         <name>.text</name>
         <load_address>0x2000c52e</load_address>
         <run_address>0x2000c52e</run_address>
         <size>0x8</size>
         <input_file_ref idref="fl-e9"/>
      </object_component>
      <object_component id="oc-185">
         <name>.text:UtilsDelay</name>
         <load_address>0x2000c536</load_address>
         <run_address>0x2000c536</run_address>
         <size>0x6</size>
         <input_file_ref idref="fl-f8"/>
      </object_component>
      <object_component id="oc-18">
         <name>.text:decompress:rle24</name>
         <load_address>0x2000c53c</load_address>
         <run_address>0x2000c53c</run_address>
         <size>0x6</size>
         <input_file_ref idref="fl-c4"/>
      </object_component>
      <object_component id="oc-61">
         <name>.text</name>
         <load_address>0x2000c542</load_address>
         <run_address>0x2000c542</run_address>
         <size>0x4</size>
         <input_file_ref idref="fl-cc"/>
      </object_component>
      <object_component id="oc-302">
         <name>.const:.string:_ctypes_</name>
         <load_address>0x2000c548</load_address>
         <run_address>0x2000c548</run_address>
         <size>0x101</size>
         <input_file_ref idref="fl-d8"/>
      </object_component>
      <object_component id="oc-675">
         <name>.const:g_ulPinToPadMap</name>
         <load_address>0x2000c64c</load_address>
         <run_address>0x2000c64c</run_address>
         <size>0x100</size>
         <input_file_ref idref="fl-f3"/>
      </object_component>
      <object_component id="oc-566">
         <name>.const:g_pulRegs</name>
         <load_address>0x2000c74c</load_address>
         <run_address>0x2000c74c</run_address>
         <size>0xd4</size>
         <input_file_ref idref="fl-f2"/>
      </object_component>
      <object_component id="oc-33d">
         <name>.const:$P$T0$1</name>
         <load_address>0x2000c820</load_address>
         <run_address>0x2000c820</run_address>
         <size>0xb0</size>
         <input_file_ref idref="fl-f0"/>
      </object_component>
      <object_component id="oc-55c">
         <name>.const:PRCM_PeriphRegsList</name>
         <load_address>0x2000c8d0</load_address>
         <run_address>0x2000c8d0</run_address>
         <size>0xa8</size>
         <input_file_ref idref="fl-f4"/>
      </object_component>
      <object_component id="oc-6c3">
         <name>.const:OpcodeTranslateTable</name>
         <load_address>0x2000c978</load_address>
         <run_address>0x2000c978</run_address>
         <size>0x3c</size>
         <input_file_ref idref="fl-eb"/>
      </object_component>
      <object_component id="oc-2a5">
         <name>.const</name>
         <load_address>0x2000c9b4</load_address>
         <run_address>0x2000c9b4</run_address>
         <size>0x3c</size>
         <input_file_ref idref="fl-f0"/>
      </object_component>
      <object_component id="oc-71f">
         <name>.const:_SlActionLookupTable</name>
         <load_address>0x2000c9f0</load_address>
         <run_address>0x2000c9f0</run_address>
         <size>0x38</size>
         <input_file_ref idref="fl-eb"/>
      </object_component>
      <object_component id="oc-526">
         <name>.const</name>
         <load_address>0x2000ca28</load_address>
         <run_address>0x2000ca28</run_address>
         <size>0x34</size>
         <input_file_ref idref="fl-eb"/>
      </object_component>
      <object_component id="oc-30e">
         <name>.const</name>
         <load_address>0x2000ca5c</load_address>
         <run_address>0x2000ca5c</run_address>
         <size>0x34</size>
         <input_file_ref idref="fl-ef"/>
      </object_component>
      <object_component id="oc-129">
         <name>.const:$P$T1$2</name>
         <load_address>0x2000ca90</load_address>
         <run_address>0x2000ca90</run_address>
         <size>0x2c</size>
         <input_file_ref idref="fl-2"/>
      </object_component>
      <object_component id="oc-52e">
         <name>.const</name>
         <load_address>0x2000cabc</load_address>
         <run_address>0x2000cabc</run_address>
         <size>0x28</size>
         <input_file_ref idref="fl-ec"/>
      </object_component>
      <object_component id="oc-6e0">
         <name>.const:g_ppulSPIIntMap</name>
         <load_address>0x2000cae4</load_address>
         <run_address>0x2000cae4</run_address>
         <size>0x24</size>
         <input_file_ref idref="fl-f5"/>
      </object_component>
      <object_component id="oc-135">
         <name>.const:.string:$P$T0$1</name>
         <load_address>0x2000cb08</load_address>
         <run_address>0x2000cb08</run_address>
         <size>0x22</size>
         <input_file_ref idref="fl-2"/>
      </object_component>
      <object_component id="oc-61f">
         <name>.const:g_pulDisRegs</name>
         <load_address>0x2000cb2c</load_address>
         <run_address>0x2000cb2c</run_address>
         <size>0x18</size>
         <input_file_ref idref="fl-f2"/>
      </object_component>
      <object_component id="oc-349">
         <name>.const:g_pulEnRegs</name>
         <load_address>0x2000cb44</load_address>
         <run_address>0x2000cb44</run_address>
         <size>0x18</size>
         <input_file_ref idref="fl-f2"/>
      </object_component>
      <object_component id="oc-62a">
         <name>.const:g_pulUnpendRegs</name>
         <load_address>0x2000cb5c</load_address>
         <run_address>0x2000cb5c</run_address>
         <size>0x18</size>
         <input_file_ref idref="fl-f2"/>
      </object_component>
      <object_component id="oc-6a0">
         <name>.const:g_ulSPIDmaMaskMap</name>
         <load_address>0x2000cb74</load_address>
         <run_address>0x2000cb74</run_address>
         <size>0x18</size>
         <input_file_ref idref="fl-f5"/>
      </object_component>
      <object_component id="oc-12c">
         <name>.const:$P$T2$3</name>
         <load_address>0x2000cb8c</load_address>
         <run_address>0x2000cb8c</run_address>
         <size>0x14</size>
         <input_file_ref idref="fl-2"/>
      </object_component>
      <object_component id="oc-2bb">
         <name>.const</name>
         <load_address>0x2000cba0</load_address>
         <run_address>0x2000cba0</run_address>
         <size>0x14</size>
         <input_file_ref idref="fl-ea"/>
      </object_component>
      <object_component id="oc-54d">
         <name>.const:.string</name>
         <load_address>0x2000cbb4</load_address>
         <run_address>0x2000cbb4</run_address>
         <size>0x10</size>
         <input_file_ref idref="fl-ef"/>
      </object_component>
      <object_component id="oc-16c">
         <name>.const:.string:$P$T3$4</name>
         <load_address>0x2000cbc4</load_address>
         <run_address>0x2000cbc4</run_address>
         <size>0xd</size>
         <input_file_ref idref="fl-2"/>
      </object_component>
      <object_component id="oc-193">
         <name>.const:.string:$P$T4$5</name>
         <load_address>0x2000cbd1</load_address>
         <run_address>0x2000cbd1</run_address>
         <size>0xd</size>
         <input_file_ref idref="fl-2"/>
      </object_component>
      <object_component id="oc-1ac">
         <name>.const:$P$T6$7</name>
         <load_address>0x2000cbe0</load_address>
         <run_address>0x2000cbe0</run_address>
         <size>0xc</size>
         <input_file_ref idref="fl-2"/>
      </object_component>
      <object_component id="oc-1bb">
         <name>.const:.string:$P$T5$6</name>
         <load_address>0x2000cbec</load_address>
         <run_address>0x2000cbec</run_address>
         <size>0xc</size>
         <input_file_ref idref="fl-2"/>
      </object_component>
      <object_component id="oc-4c8">
         <name>.const:.string</name>
         <load_address>0x2000cbf8</load_address>
         <run_address>0x2000cbf8</run_address>
         <size>0x8</size>
         <input_file_ref idref="fl-ea"/>
      </object_component>
      <object_component id="oc-2d9">
         <name>.const</name>
         <load_address>0x2000cc00</load_address>
         <run_address>0x2000cc00</run_address>
         <size>0x8</size>
         <input_file_ref idref="fl-ed"/>
      </object_component>
      <object_component id="oc-1bc">
         <name>.const:.string:$P$T7$8</name>
         <load_address>0x2000cc08</load_address>
         <run_address>0x2000cc08</run_address>
         <size>0x5</size>
         <input_file_ref idref="fl-2"/>
      </object_component>
      <object_component id="oc-797">
         <name>.cinit..data.load</name>
         <load_address>0x2000cc10</load_address>
         <run_address>0x2000cc10</run_address>
         <size>0x34</size>
      </object_component>
      <object_component id="oc-798">
         <name>.cinit..bss.load</name>
         <load_address>0x2000cc48</load_address>
         <run_address>0x2000cc48</run_address>
         <size>0xb</size>
      </object_component>
      <object_component id="oc-795">
         <name>__TI_handler_table</name>
         <load_address>0x2000cc54</load_address>
         <run_address>0x2000cc54</run_address>
         <size>0x8</size>
      </object_component>
      <object_component id="oc-796">
         <name>__TI_cinit_table</name>
         <load_address>0x2000cc5c</load_address>
         <run_address>0x2000cc5c</run_address>
         <size>0x10</size>
      </object_component>
      <object_component id="oc-e0">
         <name>.data</name>
         <load_address>0x20017f3c</load_address>
         <run_address>0x20017f3c</run_address>
         <size>0x1c</size>
         <input_file_ref idref="fl-2"/>
      </object_component>
      <object_component id="oc-b4">
         <name>.data:$O1$$</name>
         <load_address>0x20017f58</load_address>
         <run_address>0x20017f58</run_address>
         <size>0xc</size>
         <input_file_ref idref="fl-c6"/>
      </object_component>
      <object_component id="oc-410">
         <name>.data:$O1$$</name>
         <load_address>0x20017f64</load_address>
         <run_address>0x20017f64</run_address>
         <size>0xc</size>
         <input_file_ref idref="fl-c9"/>
      </object_component>
      <object_component id="oc-79">
         <name>.data</name>
         <load_address>0x20017f94</load_address>
         <run_address>0x20017f94</run_address>
         <size>0x4</size>
         <input_file_ref idref="fl-cd"/>
      </object_component>
      <object_component id="oc-2fd">
         <name>.data</name>
         <load_address>0x20017f98</load_address>
         <run_address>0x20017f98</run_address>
         <size>0x4</size>
         <input_file_ref idref="fl-cf"/>
      </object_component>
      <object_component id="oc-b7">
         <name>.data:$O1$$</name>
         <load_address>0x20017f88</load_address>
         <run_address>0x20017f88</run_address>
         <size>0x8</size>
         <input_file_ref idref="fl-d2"/>
      </object_component>
      <object_component id="oc-305">
         <name>.data</name>
         <load_address>0x20017f90</load_address>
         <run_address>0x20017f90</run_address>
         <size>0x4</size>
         <input_file_ref idref="fl-d9"/>
      </object_component>
      <object_component id="oc-287">
         <name>.data</name>
         <load_address>0x20017f7c</load_address>
         <run_address>0x20017f7c</run_address>
         <size>0x9</size>
         <input_file_ref idref="fl-eb"/>
      </object_component>
      <object_component id="oc-471">
         <name>.data</name>
         <load_address>0x20017f70</load_address>
         <run_address>0x20017f70</run_address>
         <size>0x9</size>
         <input_file_ref idref="fl-f1"/>
      </object_component>
      <object_component id="oc-224">
         <name>.bss</name>
         <uninitialized>true</uninitialized>
         <run_address>0x20017f34</run_address>
         <size>0x4</size>
         <input_file_ref idref="fl-5"/>
      </object_component>
      <object_component id="oc-425">
         <name>.bss:g_StatMem</name>
         <uninitialized>true</uninitialized>
         <run_address>0x20017c00</run_address>
         <size>0x168</size>
         <input_file_ref idref="fl-eb"/>
      </object_component>
      <object_component id="oc-297">
         <name>.bss:g__SlNonOsCB</name>
         <uninitialized>true</uninitialized>
         <run_address>0x20017eb8</run_address>
         <size>0x28</size>
         <input_file_ref idref="fl-ee"/>
      </object_component>
      <object_component id="oc-474">
         <name>.bss:g_ucDinDout</name>
         <uninitialized>true</uninitialized>
         <run_address>0x20017e68</run_address>
         <size>0x50</size>
         <input_file_ref idref="fl-f1"/>
      </object_component>
      <object_component id="oc-e3">
         <name>.common:g_ucConnectionSSID</name>
         <uninitialized>true</uninitialized>
         <run_address>0x20017f08</run_address>
         <size>0x24</size>
      </object_component>
      <object_component id="oc-e6">
         <name>.common:g_ucConnectionBSSID</name>
         <uninitialized>true</uninitialized>
         <run_address>0x20017f2c</run_address>
         <size>0x8</size>
      </object_component>
      <object_component id="oc-18c">
         <name>.common:g_cBsdBuf</name>
         <uninitialized>true</uninitialized>
         <run_address>0x20017ee0</run_address>
         <size>0x28</size>
      </object_component>
      <object_component id="oc-3d4">
         <name>.common:iDone</name>
         <uninitialized>true</uninitialized>
         <run_address>0x20017f3a</run_address>
         <size>0x1</size>
      </object_component>
      <object_component id="oc-3d8">
         <name>.common:gfpAppCallbackHndl</name>
         <uninitialized>true</uninitialized>
         <run_address>0x20017d68</run_address>
         <size>0x100</size>
      </object_component>
      <object_component id="oc-3d7">
         <name>.common:gpCtlTbl</name>
         <uninitialized>true</uninitialized>
         <run_address>0x20017800</run_address>
         <size>0x400</size>
      </object_component>
      <object_component id="oc-29a">
         <name>.common:RxIrqCnt</name>
         <uninitialized>true</uninitialized>
         <run_address>0x20017f38</run_address>
         <size>0x1</size>
      </object_component>
      <object_component id="oc-47d">
         <name>.common:g_cDummy</name>
         <uninitialized>true</uninitialized>
         <run_address>0x20017f39</run_address>
         <size>0x1</size>
      </object_component>
      <object_component id="oc-2a">
         <name>.sysmem</name>
         <uninitialized>true</uninitialized>
[...]
      </symbol>
      <symbol id="sm-bee">
         <name>_SlSockCloseCmdCtrl</name>
         <value>0x2000ca60</value>
         <object_component_ref idref="oc-30e"/>
      </symbol>
      <symbol id="sm-bef">
         <name>_SlSendCmdCtrl</name>
         <value>0x2000ca68</value>
         <object_component_ref idref="oc-30e"/>
      </symbol>
      <symbol id="sm-bf0">
         <name>_sl_BuildAddress</name>
         <value>0x2000b7b9</value>
         <object_component_ref idref="oc-317"/>
      </symbol>
      <symbol id="sm-bf1">
         <name>sl_Send</name>
         <value>0x20009225</value>
         <object_component_ref idref="oc-166"/>
      </symbol>
      <symbol id="sm-bf2">
         <name>_sl_HandleAsync_Connect</name>
         <value>0x2000abb5</value>
         <object_component_ref idref="oc-759"/>
      </symbol>
      <symbol id="sm-bf3">
         <name>sl_Htonl</name>
         <value>0x2000ba49</value>
         <object_component_ref idref="oc-14e"/>
      </symbol>
      <symbol id="sm-bf4">
         <name>sl_Htons</name>
         <value>0x2000bc41</value>
         <object_component_ref idref="oc-148"/>
      </symbol>
      <symbol id="sm-bf5">
         <name>_SlSelectCmdCtrl</name>
         <value>0x2000ca80</value>
         <object_component_ref idref="oc-30e"/>
      </symbol>
      <symbol id="sm-bf6">
         <name>sl_Connect</name>
         <value>0x2000911d</value>
         <object_component_ref idref="oc-15a"/>
      </symbol>
      <symbol id="sm-bf7">
         <name>sl_Socket</name>
         <value>0x2000b385</value>
         <object_component_ref idref="oc-154"/>
      </symbol>
      <symbol id="sm-bf8">
         <name>_sl_HandleAsync_Select</name>
         <value>0x2000b53d</value>
         <object_component_ref idref="oc-75f"/>
      </symbol>
      <symbol id="sm-bf9">
         <name>_SlSockSocketCmdCtrl</name>
         <value>0x2000ca5c</value>
         <object_component_ref idref="oc-30e"/>
      </symbol>
      <symbol id="sm-bfa">
         <name>_SlRecvfomCmdCtrl</name>
         <value>0x2000ca64</value>
         <object_component_ref idref="oc-30e"/>
      </symbol>
      <symbol id="sm-bfb">
         <name>_SlSetSockOptCmdCtrl</name>
         <value>0x2000ca78</value>
         <object_component_ref idref="oc-30e"/>
      </symbol>
      <symbol id="sm-bfc">
         <name>_SlAcceptCmdCtrl</name>
         <value>0x2000ca70</value>
         <object_component_ref idref="oc-30e"/>
      </symbol>
      <symbol id="sm-bfd">
         <name>_SlPayloadByProtocolLUT</name>
         <value>0x2000cbb4</value>
         <object_component_ref idref="oc-54d"/>
      </symbol>
      <symbol id="sm-bfe">
         <name>_SlListenCmdCtrl</name>
         <value>0x2000ca6c</value>
         <object_component_ref idref="oc-30e"/>
      </symbol>
      <symbol id="sm-bff">
         <name>_SlRecvCmdCtrl</name>
         <value>0x2000ca74</value>
         <object_component_ref idref="oc-30e"/>
      </symbol>
      <symbol id="sm-c00">
         <name>_SlGetSockOptCmdCtrl</name>
         <value>0x2000ca7c</value>
         <object_component_ref idref="oc-30e"/>
      </symbol>
      <symbol id="sm-c01">
         <name>_sl_TruncatePayloadByProtocol</name>
         <value>0x2000bc05</value>
         <object_component_ref idref="oc-31f"/>
      </symbol>
      <symbol id="sm-c02">
         <name>sl_Close</name>
         <value>0x2000be2d</value>
         <object_component_ref idref="oc-160"/>
      </symbol>
      <symbol id="sm-c03">
         <name>_sl_HandleAsync_Accept</name>
         <value>0x2000b1b1</value>
         <object_component_ref idref="oc-753"/>
      </symbol>
      <symbol id="sm-c04">
         <name>sl_SetSockOpt</name>
         <value>0x2000b019</value>
         <object_component_ref idref="oc-179"/>
      </symbol>
      <symbol id="sm-c05">
         <name>sl_Listen</name>
         <value>0x2000bc7d</value>
         <object_component_ref idref="oc-173"/>
      </symbol>
      <symbol id="sm-c06">
         <name>sl_Bind</name>
         <value>0x2000a725</value>
         <object_component_ref idref="oc-16d"/>
      </symbol>
      <symbol id="sm-c94">
         <name>sl_WlanDisconnect</name>
         <value>0x2000c4f5</value>
         <object_component_ref idref="oc-111"/>
      </symbol>
      <symbol id="sm-c95">
         <name>_SlPolicyGetCmdCtrl</name>
         <value>0x2000c9b8</value>
         <object_component_ref idref="oc-2a5"/>
      </symbol>
      <symbol id="sm-c96">
         <name>_SlPolicySetCmdCtrl</name>
         <value>0x2000c9b4</value>
         <object_component_ref idref="oc-2a5"/>
      </symbol>
      <symbol id="sm-c97">
         <name>_SlRxFilterGetCmdCtrl</name>
         <value>0x2000c9d0</value>
         <object_component_ref idref="oc-2a5"/>
      </symbol>
      <symbol id="sm-c98">
         <name>_SlRxFilterSetCmdCtrl</name>
         <value>0x2000c9cc</value>
         <object_component_ref idref="oc-2a5"/>
      </symbol>
      <symbol id="sm-c99">
         <name>_SlProfileGetCmdCtrl</name>
         <value>0x2000c9bc</value>
         <object_component_ref idref="oc-2a5"/>
      </symbol>
      <symbol id="sm-c9a">
         <name>_SlWlanGetNetworkListCtrl</name>
         <value>0x2000c9c4</value>
         <object_component_ref idref="oc-2a5"/>
      </symbol>
      <symbol id="sm-c9b">
         <name>sl_WlanPolicySet</name>
         <value>0x2000b211</value>
         <object_component_ref idref="oc-105"/>
      </symbol>
      <symbol id="sm-c9c">
         <name>_SlProfileDelCmdCtrl</name>
         <value>0x2000c9c0</value>
         <object_component_ref idref="oc-2a5"/>
      </symbol>
      <symbol id="sm-c9d">
         <name>_SlWlanSetModeCmdCtrl</name>
         <value>0x2000c9d8</value>
         <object_component_ref idref="oc-2a5"/>
      </symbol>
      <symbol id="sm-c9e">
         <name>_SlWlanCfgSetCmdCtrl</name>
         <value>0x2000c9dc</value>
         <object_component_ref idref="oc-2a5"/>
      </symbol>
      <symbol id="sm-c9f">
         <name>_SlWlanCfgGetCmdCtrl</name>
         <value>0x2000c9e0</value>
         <object_component_ref idref="oc-2a5"/>
      </symbol>
      <symbol id="sm-ca0">
         <name>sl_WlanProfileDel</name>
         <value>0x2000be5d</value>
         <object_component_ref idref="oc-10b"/>
      </symbol>
      <symbol id="sm-ca1">
         <name>_SlRxFilterAddtCmdCtrl</name>
         <value>0x2000c9c8</value>
         <object_component_ref idref="oc-2a5"/>
      </symbol>
      <symbol id="sm-ca2">
         <name>sl_WlanRxFilterSet</name>
         <value>0x2000b5e5</value>
         <object_component_ref idref="oc-12f"/>
      </symbol>
      <symbol id="sm-ca3">
         <name>sl_WlanConnect</name>
         <value>0x2000790d</value>
         <object_component_ref idref="oc-18d"/>
      </symbol>
      <symbol id="sm-ca4">
         <name>sl_WlanSet</name>
         <value>0x2000b081</value>
         <object_component_ref idref="oc-11d"/>
      </symbol>
      <symbol id="sm-ca5">
         <name>_SlSmartConfigStartCmdCtrl</name>
         <value>0x2000c9d4</value>
         <object_component_ref idref="oc-2a5"/>
      </symbol>
      <symbol id="sm-ca6">
         <name>sl_WlanSetMode</name>
         <value>0x2000be8d</value>
         <object_component_ref idref="oc-f3"/>
      </symbol>
      <symbol id="sm-db8">
         <name>g_cDummy</name>
         <value>0x20017f39</value>
      </symbol>
      <symbol id="sm-db9">
         <name>NwpMaskInterrupt</name>
         <value>0x2000c4dd</value>
         <object_component_ref idref="oc-499"/>
      </symbol>
      <symbol id="sm-dba">
         <name>NwpRegisterInterruptHandler</name>
         <value>0x2000bb4d</value>
         <object_component_ref idref="oc-269"/>
      </symbol>
      <symbol id="sm-dbb">
         <name>NwpPowerOnPreamble</name>
         <value>0x2000a8b9</value>
         <object_component_ref idref="oc-24b"/>
      </symbol>
      <symbol id="sm-dbc">
         <name>g_pHostIntHdl</name>
         <value>0x20017f74</value>
         <object_component_ref idref="oc-471"/>
      </symbol>
      <symbol id="sm-dbd">
         <name>NwpUnMaskInterrupt</name>
         <value>0x2000c4e9</value>
         <object_component_ref idref="oc-4b3"/>
      </symbol>
      <symbol id="sm-dbe">
         <name>g_ucDinDout</name>
         <value>0x20017e68</value>
         <object_component_ref idref="oc-474"/>
      </symbol>
      <symbol id="sm-dbf">
         <name>NwpPowerOff</name>
         <value>0x2000bcf5</value>
         <object_component_ref idref="oc-263"/>
      </symbol>
      <symbol id="sm-dc0">
         <name>spi_Read</name>
         <value>0x20009629</value>
         <object_component_ref idref="oc-6b6"/>
      </symbol>
      <symbol id="sm-dc1">
         <name>DmaSpiSwIntHandler</name>
         <value>0x2000bf99</value>
         <object_component_ref idref="oc-477"/>
      </symbol>
      <symbol id="sm-dc2">
         <name>NwpPowerOn</name>
         <value>0x2000beed</value>
         <object_component_ref idref="oc-26f"/>
      </symbol>
      <symbol id="sm-dc3">
         <name>spi_Close</name>
         <value>0x2000ac2d</value>
         <object_component_ref idref="oc-2af"/>
      </symbol>
      <symbol id="sm-dc4">
         <name>spi_Write</name>
         <value>0x2000a2b9</value>
         <object_component_ref idref="oc-642"/>
      </symbol>
      <symbol id="sm-dc5">
         <name>spi_Open</name>
         <value>0x200088ed</value>
         <object_component_ref idref="oc-257"/>
      </symbol>
      <symbol id="sm-dc6">
         <name>g_ucDMAEnabled</name>
         <value>0x20017f78</value>
         <object_component_ref idref="oc-471"/>
      </symbol>
      <symbol id="sm-dc7">
         <name>g_SpiFd</name>
         <value>0x20017f70</value>
         <object_component_ref idref="oc-471"/>
      </symbol>
      <symbol id="sm-e53">
         <name>IntPendClear</name>
         <value>0x2000b3e1</value>
         <object_component_ref idref="oc-4ac"/>
      </symbol>
      <symbol id="sm-e54">
         <name>IntPrioritySet</name>
         <value>0x2000b4e9</value>
         <object_component_ref idref="oc-380"/>
      </symbol>
      <symbol id="sm-e55">
         <name>IntVTableBaseSet</name>
         <value>0x2000c43d</value>
         <object_component_ref idref="oc-194"/>
      </symbol>
      <symbol id="sm-e56">
         <name>IntEnable</name>
         <value>0x20009f9d</value>
         <object_component_ref idref="oc-1a0"/>
      </symbol>
      <symbol id="sm-e57">
         <name>IntDisable</name>
         <value>0x20009ef5</value>
         <object_component_ref idref="oc-4a0"/>
      </symbol>
      <symbol id="sm-e58">
         <name>IntRegister</name>
         <value>0x2000c0b5</value>
         <object_component_ref idref="oc-45f"/>
      </symbol>
      <symbol id="sm-e59">
         <name>IntUnregister</name>
         <value>0x2000bfbd</value>
         <object_component_ref idref="oc-4a6"/>
      </symbol>
      <symbol id="sm-e5a">
         <name>IntMasterEnable</name>
         <value>0x2000c525</value>
         <object_component_ref idref="oc-19a"/>
      </symbol>
      <symbol id="sm-e87">
         <name>PinTypeUART</name>
         <value>0x2000c215</value>
         <object_component_ref idref="oc-3df"/>
      </symbol>
      <symbol id="sm-e88">
         <name>PinConfigSet</name>
         <value>0x2000a615</value>
         <object_component_ref idref="oc-58a"/>
      </symbol>
      <symbol id="sm-e89">
         <name>PinModeSet</name>
         <value>0x2000ba8d</value>
         <object_component_ref idref="oc-584"/>
      </symbol>
      <symbol id="sm-f18">
         <name>PRCMPeripheralReset</name>
         <value>0x2000b439</value>
         <object_component_ref idref="oc-35f"/>
      </symbol>
      <symbol id="sm-f19">
         <name>PRCMPeripheralClkEnable</name>
         <value>0x2000bbc9</value>
         <object_component_ref idref="oc-359"/>
      </symbol>
      <symbol id="sm-f1a">
         <name>PRCMPeripheralClockGet</name>
         <value>0x2000a351</value>
         <object_component_ref idref="oc-1ee"/>
      </symbol>
      <symbol id="sm-f1b">
         <name>PRCMCC3200MCUInit</name>
         <value>0x20008ca1</value>
         <object_component_ref idref="oc-1a6"/>
      </symbol>
      <symbol id="sm-f1c">
         <name>PRCMHIBRegWrite</name>
         <value>0x2000c3bb</value>
         <object_component_ref idref="oc-353"/>
      </symbol>
      <symbol id="sm-f1d">
         <name>PRCMSysResetCauseGet</name>
         <value>0x2000bf19</value>
         <object_component_ref idref="oc-36b"/>
      </symbol>
      <symbol id="sm-f1e">
         <name>PRCMPeripheralStatusGet</name>
         <value>0x2000bd65</value>
         <object_component_ref idref="oc-441"/>
      </symbol>
      <symbol id="sm-f1f">
         <name>PRCMPeripheralClkDisable</name>
         <value>0x2000bf71</value>
         <object_component_ref idref="oc-365"/>
      </symbol>
      <symbol id="sm-f20">
         <name>PRCMHIBRegRead</name>
         <value>0x2000c3a5</value>
         <object_component_ref idref="oc-34d"/>
      </symbol>
      <symbol id="sm-fdb">
         <name>SPIFIFODisable</name>
         <value>0x2000c263</value>
         <object_component_ref idref="oc-515"/>
      </symbol>
      <symbol id="sm-fdc">
         <name>SPICSEnable</name>
         <value>0x2000c2fd</value>
         <object_component_ref idref="oc-6cd"/>
      </symbol>
      <symbol id="sm-fdd">
         <name>SPIDisable</name>
         <value>0x2000c315</value>
         <object_component_ref idref="oc-42f"/>
      </symbol>
      <symbol id="sm-fde">
         <name>SPIFIFOEnable</name>
         <value>0x2000c27d</value>
         <object_component_ref idref="oc-44d"/>
      </symbol>
      <symbol id="sm-fdf">
         <name>SPIWordCountSet</name>
         <value>0x2000c093</value>
         <object_component_ref idref="oc-6d3"/>
      </symbol>
      <symbol id="sm-fe0">
         <name>SPIEnable</name>
         <value>0x2000c32d</value>
         <object_component_ref idref="oc-46b"/>
      </symbol>
      <symbol id="sm-fe1">
         <name>SPIDmaEnable</name>
         <value>0x2000c249</value>
         <object_component_ref idref="oc-453"/>
      </symbol>
      <symbol id="sm-fe2">
         <name>SPIConfigSetExpClk</name>
         <value>0x2000a045</value>
         <object_component_ref idref="oc-43b"/>
      </symbol>
      <symbol id="sm-fe3">
         <name>SPIIntUnregister</name>
         <value>0x2000c297</value>
         <object_component_ref idref="oc-50f"/>
      </symbol>
      <symbol id="sm-fe4">
         <name>SPIFIFOLevelSet</name>
         <value>0x2000bd99</value>
         <object_component_ref idref="oc-459"/>
      </symbol>
      <symbol id="sm-fe5">
         <name>SPIDmaDisable</name>
         <value>0x2000c22f</value>
         <object_component_ref idref="oc-51b"/>
      </symbol>
      <symbol id="sm-fe6">
         <name>SPIReset</name>
         <value>0x2000c071</value>
         <object_component_ref idref="oc-435"/>
      </symbol>
      <symbol id="sm-fe7">
         <name>SPIIntEnable</name>
         <value>0x2000b689</value>
         <object_component_ref idref="oc-465"/>
      </symbol>
      <symbol id="sm-fe8">
         <name>SPIIntClear</name>
         <value>0x2000b8e9</value>
         <object_component_ref idref="oc-60d"/>
      </symbol>
      <symbol id="sm-fe9">
         <name>SPICSDisable</name>
         <value>0x2000c2e5</value>
         <object_component_ref idref="oc-429"/>
      </symbol>
      <symbol id="sm-102e">
         <name>UARTConfigSetExpClk</name>
         <value>0x2000aca5</value>
         <object_component_ref idref="oc-1f4"/>
      </symbol>
      <symbol id="sm-102f">
         <name>UARTDisable</name>
         <value>0x2000bdcd</value>
         <object_component_ref idref="oc-3ea"/>
      </symbol>
      <symbol id="sm-1030">
         <name>UARTCharsAvail</name>
         <value>0x2000c345</value>
         <object_component_ref idref="oc-206"/>
      </symbol>
      <symbol id="sm-1031">
         <name>UARTCharGetNonBlocking</name>
         <value>0x2000c16d</value>
         <object_component_ref idref="oc-20c"/>
      </symbol>
      <symbol id="sm-1032">
         <name>UARTCharPut</name>
         <value>0x2000c0f5</value>
         <object_component_ref idref="oc-1fa"/>
      </symbol>
      <symbol id="sm-1033">
         <name>UARTEnable</name>
         <value>0x2000bfe1</value>
         <object_component_ref idref="oc-3f0"/>
      </symbol>
      <symbol id="sm-1034">
         <name>UARTCharGet</name>
         <value>0x2000c3d1</value>
         <object_component_ref idref="oc-142"/>
      </symbol>
      <symbol id="sm-10e1">
         <name>uDMAChannelControlSet</name>
         <value>0x2000bcb9</value>
         <object_component_ref idref="oc-3bc"/>
      </symbol>
      <symbol id="sm-10e2">
         <name>uDMAIntClear</name>
         <value>0x2000c48d</value>
         <object_component_ref idref="oc-37a"/>
      </symbol>
      <symbol id="sm-10e3">
         <name>uDMAChannelDisable</name>
         <value>0x2000c1c1</value>
         <object_component_ref idref="oc-3aa"/>
      </symbol>
      <symbol id="sm-10e4">
         <name>uDMAIntUnregister</name>
         <value>0x2000c4a1</value>
         <object_component_ref idref="oc-3b0"/>
      </symbol>
      <symbol id="sm-10e5">
         <name>uDMAChannelAttributeEnable</name>
         <value>0x2000b14d</value>
         <object_component_ref idref="oc-3c2"/>
      </symbol>
      <symbol id="sm-10e6">
         <name>uDMADisable</name>
         <value>0x2000c501</value>
         <object_component_ref idref="oc-3b6"/>
      </symbol>
      <symbol id="sm-10e7">
         <name>uDMAChannelTransferSet</name>
         <value>0x20009719</value>
         <object_component_ref idref="oc-3c8"/>
      </symbol>
      <symbol id="sm-10e8">
         <name>uDMAIntStatus</name>
         <value>0x2000c519</value>
         <object_component_ref idref="oc-374"/>
      </symbol>
      <symbol id="sm-10e9">
         <name>uDMAChannelAssign</name>
         <value>0x2000b89d</value>
         <object_component_ref idref="oc-398"/>
      </symbol>
      <symbol id="sm-10ea">
         <name>uDMAIntRegister</name>
         <value>0x2000c413</value>
         <object_component_ref idref="oc-386"/>
      </symbol>
      <symbol id="sm-10eb">
         <name>uDMAEnable</name>
         <value>0x2000c50d</value>
         <object_component_ref idref="oc-38c"/>
      </symbol>
      <symbol id="sm-10ec">
         <name>uDMAControlBaseSet</name>
         <value>0x2000c479</value>
         <object_component_ref idref="oc-392"/>
      </symbol>
      <symbol id="sm-10ed">
         <name>uDMAChannelAttributeDisable</name>
         <value>0x2000b0e9</value>
         <object_component_ref idref="oc-39e"/>
      </symbol>
      <symbol id="sm-10ee">
         <name>uDMAChannelEnable</name>
         <value>0x2000c1dd</value>
         <object_component_ref idref="oc-3ce"/>
      </symbol>
      <symbol id="sm-10ef">
         <name>uDMAChannelRequest</name>
         <value>0x2000c1f9</value>
         <object_component_ref idref="oc-3a4"/>
      </symbol>
      <symbol id="sm-10f3">
         <name>UtilsDelay</name>
         <value>0x2000c537</value>
         <object_component_ref idref="oc-185"/>
      </symbol>
      <symbol id="sm-10fd">
         <name>CPUcpsie</name>
         <value>0x2000c429</value>
         <object_component_ref idref="oc-342"/>
      </symbol>
      <symbol id="sm-10ff">
         <name>__TI_static_base__</name>
         <value>0x2000cc10</value>
      </symbol>
      <symbol id="sm-1102">
         <name>SHT$$INIT_ARRAY$$Limit</name>
         <value>0x0</value>
      </symbol>
      <symbol id="sm-1103">
         <name>SHT$$INIT_ARRAY$$Base</name>
         <value>0x0</value>
      </symbol>
   </symbol_table>
   <title>Link successful</title>
</link_info>
